Component: ARM Compiler 5.06 update 6 (build 750) Tool: armlink [4d35ed]

==============================================================================

Section Cross References

    startup_stm32f103xb.o(STACK) refers (Special) to heapauxi.o(.text) for __use_two_region_memory
    startup_stm32f103xb.o(HEAP) refers (Special) to heapauxi.o(.text) for __use_two_region_memory
    startup_stm32f103xb.o(RESET) refers (Special) to heapauxi.o(.text) for __use_two_region_memory
    startup_stm32f103xb.o(RESET) refers to startup_stm32f103xb.o(STACK) for __initial_sp
    startup_stm32f103xb.o(RESET) refers to startup_stm32f103xb.o(.text) for Reset_Handler
    startup_stm32f103xb.o(RESET) refers to stm32f1xx_it.o(i.NMI_Handler) for NMI_Handler
    startup_stm32f103xb.o(RESET) refers to stm32f1xx_it.o(i.HardFault_Handler) for HardFault_Handler
    startup_stm32f103xb.o(RESET) refers to stm32f1xx_it.o(i.MemManage_Handler) for MemManage_Handler
    startup_stm32f103xb.o(RESET) refers to stm32f1xx_it.o(i.BusFault_Handler) for BusFault_Handler
    startup_stm32f103xb.o(RESET) refers to stm32f1xx_it.o(i.UsageFault_Handler) for UsageFault_Handler
    startup_stm32f103xb.o(RESET) refers to stm32f1xx_it.o(i.SVC_Handler) for SVC_Handler
    startup_stm32f103xb.o(RESET) refers to stm32f1xx_it.o(i.DebugMon_Handler) for DebugMon_Handler
    startup_stm32f103xb.o(RESET) refers to stm32f1xx_it.o(i.PendSV_Handler) for PendSV_Handler
    startup_stm32f103xb.o(RESET) refers to stm32f1xx_it.o(i.SysTick_Handler) for SysTick_Handler
    startup_stm32f103xb.o(RESET) refers to stm32f1xx_it.o(i.DMA1_Channel5_IRQHandler) for DMA1_Channel5_IRQHandler
    startup_stm32f103xb.o(RESET) refers to stm32f1xx_it.o(i.TIM2_IRQHandler) for TIM2_IRQHandler
    startup_stm32f103xb.o(RESET) refers to stm32f1xx_it.o(i.USART1_IRQHandler) for USART1_IRQHandler
    startup_stm32f103xb.o(.text) refers (Special) to heapauxi.o(.text) for __use_two_region_memory
    startup_stm32f103xb.o(.text) refers to system_stm32f1xx.o(i.SystemInit) for SystemInit
    startup_stm32f103xb.o(.text) refers to __main.o(!!!main) for __main
    startup_stm32f103xb.o(.text) refers to startup_stm32f103xb.o(HEAP) for Heap_Mem
    startup_stm32f103xb.o(.text) refers to startup_stm32f103xb.o(STACK) for Stack_Mem
    main.o(i.DC_speed) refers to fmul.o(x$fpl$fmul) for __aeabi_fmul
    main.o(i.DC_speed) refers to f2d.o(x$fpl$f2d) for __aeabi_f2d
    main.o(i.DC_speed) refers to ddiv.o(x$fpl$ddiv) for __aeabi_ddiv
    main.o(i.DC_speed) refers to dfix.o(x$fpl$dfix) for __aeabi_d2iz
    main.o(i.DC_speed) refers to main.o(.data) for .data
    main.o(i.DC_speed) refers to main.o(.bss) for .bss
    main.o(i.HAL_TIM_PeriodElapsedCallback) refers to main.o(.data) for .data
    main.o(i.HAL_UART_RxCpltCallback) refers to stm32f1xx_hal_uart.o(i.HAL_UART_Receive_DMA) for HAL_UART_Receive_DMA
    main.o(i.HAL_UART_RxCpltCallback) refers to main.o(.data) for .data
    main.o(i.HAL_UART_RxCpltCallback) refers to main.o(.bss) for .bss
    main.o(i.LiftTruck) refers to stm32f1xx_hal_gpio.o(i.HAL_GPIO_WritePin) for HAL_GPIO_WritePin
    main.o(i.MX_GPIO_Init) refers to stm32f1xx_hal_gpio.o(i.HAL_GPIO_WritePin) for HAL_GPIO_WritePin
    main.o(i.MX_GPIO_Init) refers to stm32f1xx_hal_gpio.o(i.HAL_GPIO_Init) for HAL_GPIO_Init
    main.o(i.MX_TIM1_Init) refers to rt_memclr_w.o(.text) for __aeabi_memclr4
    main.o(i.MX_TIM1_Init) refers to stm32f1xx_hal_tim.o(i.HAL_TIM_Base_Init) for HAL_TIM_Base_Init
    main.o(i.MX_TIM1_Init) refers to stm32f1xx_hal_tim.o(i.HAL_TIM_ConfigClockSource) for HAL_TIM_ConfigClockSource
    main.o(i.MX_TIM1_Init) refers to stm32f1xx_hal_tim.o(i.HAL_TIM_PWM_Init) for HAL_TIM_PWM_Init
    main.o(i.MX_TIM1_Init) refers to stm32f1xx_hal_tim_ex.o(i.HAL_TIMEx_MasterConfigSynchronization) for HAL_TIMEx_MasterConfigSynchronization
    main.o(i.MX_TIM1_Init) refers to stm32f1xx_hal_tim.o(i.HAL_TIM_PWM_ConfigChannel) for HAL_TIM_PWM_ConfigChannel
    main.o(i.MX_TIM1_Init) refers to stm32f1xx_hal_tim_ex.o(i.HAL_TIMEx_ConfigBreakDeadTime) for HAL_TIMEx_ConfigBreakDeadTime
    main.o(i.MX_TIM1_Init) refers to stm32f1xx_hal_msp.o(i.HAL_TIM_MspPostInit) for HAL_TIM_MspPostInit
    main.o(i.MX_TIM1_Init) refers to main.o(.bss) for .bss
    main.o(i.MX_TIM2_Init) refers to rt_memclr_w.o(.text) for __aeabi_memclr4
    main.o(i.MX_TIM2_Init) refers to stm32f1xx_hal_tim.o(i.HAL_TIM_Base_Init) for HAL_TIM_Base_Init
    main.o(i.MX_TIM2_Init) refers to stm32f1xx_hal_tim.o(i.HAL_TIM_ConfigClockSource) for HAL_TIM_ConfigClockSource
    main.o(i.MX_TIM2_Init) refers to stm32f1xx_hal_tim.o(i.HAL_TIM_PWM_Init) for HAL_TIM_PWM_Init
    main.o(i.MX_TIM2_Init) refers to stm32f1xx_hal_tim_ex.o(i.HAL_TIMEx_MasterConfigSynchronization) for HAL_TIMEx_MasterConfigSynchronization
    main.o(i.MX_TIM2_Init) refers to stm32f1xx_hal_tim.o(i.HAL_TIM_PWM_ConfigChannel) for HAL_TIM_PWM_ConfigChannel
    main.o(i.MX_TIM2_Init) refers to stm32f1xx_hal_msp.o(i.HAL_TIM_MspPostInit) for HAL_TIM_MspPostInit
[...]
    __NVIC_SetPriority                       0x080046cf   Thumb Code    32  stm32f1xx_hal_cortex.o(i.__NVIC_SetPriority)
    i.__ieee754_rem_pio2                     0x080046f0   Section        0  rred.o(i.__ieee754_rem_pio2)
    i.__kernel_poly                          0x08004a78   Section        0  poly.o(i.__kernel_poly)
    i.__kernel_tan                           0x08004b24   Section        0  tan_i.o(i.__kernel_tan)
    i.__mathlib_dbl_infnan                   0x08004da0   Section        0  dunder.o(i.__mathlib_dbl_infnan)
    i.__mathlib_dbl_invalid                  0x08004da6   Section        0  dunder.o(i.__mathlib_dbl_invalid)
    i.__mathlib_dbl_overflow                 0x08004db2   Section        0  dunder.o(i.__mathlib_dbl_overflow)
    i.__mathlib_dbl_underflow                0x08004dc0   Section        0  dunder.o(i.__mathlib_dbl_underflow)
    i.__mathlib_narrow                       0x08004dd0   Section        0  narrow.o(i.__mathlib_narrow)
    i.__mathlib_tofloat                      0x08004de0   Section        0  narrow.o(i.__mathlib_tofloat)
    i.__support_ldexp                        0x08004e9c   Section        0  ldexp.o(i.__support_ldexp)
    i._is_digit                              0x08004eb2   Section        0  __printf_wp.o(i._is_digit)
    i.atan                                   0x08004ec0   Section        0  atan.o(i.atan)
    i.frexp                                  0x080050e0   Section        0  frexp.o(i.frexp)
    i.ldexp                                  0x08005138   Section        0  ldexp.o(i.ldexp)
    i.main                                   0x080051ac   Section        0  main.o(i.main)
    i.sendspeed                              0x08005444   Section        0  main.o(i.sendspeed)
    i.tan                                    0x080054a0   Section        0  tan.o(i.tan)
    locale$$code                             0x08005504   Section       44  lc_numeric_c.o(locale$$code)
    locale$$code                             0x08005530   Section       44  lc_ctype_c.o(locale$$code)
    x$fpl$d2f                                0x0800555c   Section       98  d2f.o(x$fpl$d2f)
    x$fpl$dadd                               0x080055c0   Section      336  daddsub_clz.o(x$fpl$dadd)
    _dadd1                                   0x080055d1   Thumb Code     0  daddsub_clz.o(x$fpl$dadd)
    x$fpl$dcheck1                            0x08005710   Section       16  dcheck1.o(x$fpl$dcheck1)
    x$fpl$dcmpinf                            0x08005720   Section       24  dcmpi.o(x$fpl$dcmpinf)
    x$fpl$ddiv                               0x08005738   Section      688  ddiv.o(x$fpl$ddiv)
    ddiv_entry                               0x0800573f   Thumb Code     0  ddiv.o(x$fpl$ddiv)
    x$fpl$deqf                               0x080059e8   Section      120  deqf.o(x$fpl$deqf)
    x$fpl$dfix                               0x08005a60   Section       94  dfix.o(x$fpl$dfix)
    x$fpl$dflt                               0x08005abe   Section       46  dflt_clz.o(x$fpl$dflt)
    x$fpl$dfltu                              0x08005aec   Section       38  dflt_clz.o(x$fpl$dfltu)
    x$fpl$dleqf                              0x08005b14   Section      120  dleqf.o(x$fpl$dleqf)
    x$fpl$dmul                               0x08005b8c   Section      340  dmul.o(x$fpl$dmul)
    x$fpl$dnaninf                            0x08005ce0   Section      156  dnaninf.o(x$fpl$dnaninf)
    x$fpl$dretinf                            0x08005d7c   Section       12  dretinf.o(x$fpl$dretinf)
    x$fpl$drleqf                             0x08005d88   Section      108  drleqf.o(x$fpl$drleqf)
    x$fpl$drsb                               0x08005df4   Section       22  daddsub_clz.o(x$fpl$drsb)
    x$fpl$dsub                               0x08005e0c   Section      468  daddsub_clz.o(x$fpl$dsub)
    _dsub1                                   0x08005e1d   Thumb Code     0  daddsub_clz.o(x$fpl$dsub)
    x$fpl$f2d                                0x08005fe0   Section       86  f2d.o(x$fpl$f2d)
    x$fpl$fadd                               0x08006038   Section      196  faddsub_clz.o(x$fpl$fadd)
    _fadd1                                   0x08006047   Thumb Code     0  faddsub_clz.o(x$fpl$fadd)
    x$fpl$fcheck1                            0x080060fc   Section       12  fcheck1.o(x$fpl$fcheck1)
    x$fpl$fdiv                               0x08006108   Section      388  fdiv.o(x$fpl$fdiv)
    _fdiv1                                   0x08006109   Thumb Code     0  fdiv.o(x$fpl$fdiv)
    x$fpl$ffixu                              0x0800628c   Section       62  ffixu.o(x$fpl$ffixu)
    x$fpl$fmul                               0x080062cc   Section      258  fmul.o(x$fpl$fmul)
    x$fpl$fnaninf                            0x080063ce   Section      140  fnaninf.o(x$fpl$fnaninf)
    x$fpl$fretinf                            0x0800645a   Section       10  fretinf.o(x$fpl$fretinf)
    x$fpl$fsub                               0x08006464   Section      234  faddsub_clz.o(x$fpl$fsub)
    _fsub1                                   0x08006473   Thumb Code     0  faddsub_clz.o(x$fpl$fsub)
    x$fpl$ieeestatus                         0x0800654e   Section        6  istatus.o(x$fpl$ieeestatus)
    x$fpl$printf1                            0x08006554   Section        4  printf1.o(x$fpl$printf1)
    x$fpl$retnan                             0x08006558   Section      100  retnan.o(x$fpl$retnan)
    x$fpl$scalbn                             0x080065bc   Section       92  scalbn.o(x$fpl$scalbn)
    x$fpl$scalbnf                            0x08006618   Section       76  scalbnf.o(x$fpl$scalbnf)
    x$fpl$scanf1                             0x08006664   Section        4  scanf1.o(x$fpl$scanf1)
    x$fpl$scanf2                             0x08006668   Section        8  scanf2.o(x$fpl$scanf2)
    x$fpl$trapveneer                         0x08006670   Section       48  trapv.o(x$fpl$trapveneer)
    .constdata                               0x080066a0   Section       18  stm32f1xx_hal_rcc.o(.constdata)
    x$fpl$usenofp                            0x080066a0   Section        0  usenofp.o(x$fpl$usenofp)
    aPredivFactorTable                       0x080066a0   Data           2  stm32f1xx_hal_rcc.o(.constdata)
    aPLLMULFactorTable                       0x080066a2   Data          16  stm32f1xx_hal_rcc.o(.constdata)
    .constdata                               0x080066b2   Section       16  system_stm32f1xx.o(.constdata)
    .constdata                               0x080066c2   Section        8  system_stm32f1xx.o(.constdata)
    .constdata                               0x080066d0   Section      152  atan.o(.constdata)
    atanhi                                   0x080066d0   Data          32  atan.o(.constdata)
    atanlo                                   0x080066f0   Data          32  atan.o(.constdata)
    aTodd                                    0x08006710   Data          40  atan.o(.constdata)
    aTeven                                   0x08006738   Data          48  atan.o(.constdata)
    .constdata                               0x08006768   Section      200  rred.o(.constdata)
    pio2s                                    0x08006768   Data          48  rred.o(.constdata)
    twooverpi                                0x08006798   Data         152  rred.o(.constdata)
    .constdata                               0x08006830   Section       96  tan_i.o(.constdata)
    Todd                                     0x08006830   Data          48  tan_i.o(.constdata)
    Teven                                    0x08006860   Data          48  tan_i.o(.constdata)
    .constdata                               0x08006890   Section      148  bigflt0.o(.constdata)
    tenpwrs_x                                0x08006890   Data          60  bigflt0.o(.constdata)
    tenpwrs_i                                0x080068cc   Data          64  bigflt0.o(.constdata)
    c$$dinf                                  0x08006944   Section        8  fpconst.o(c$$dinf)
    c$$dmax                                  0x0800694c   Section        8  fpconst.o(c$$dmax)
    locale$$data                             0x08006954   Section       28  lc_numeric_c.o(locale$$data)
    __lcnum_c_name                           0x08006958   Data           2  lc_numeric_c.o(locale$$data)
    __lcnum_c_start                          0x08006960   Data           0  lc_numeric_c.o(locale$$data)
    __lcnum_c_point                          0x0800696c   Data           0  lc_numeric_c.o(locale$$data)
    __lcnum_c_thousands                      0x0800696e   Data           0  lc_numeric_c.o(locale$$data)
    __lcnum_c_grouping                       0x0800696f   Data           0  lc_numeric_c.o(locale$$data)
    locale$$data                             0x08006970   Section      272  lc_ctype_c.o(locale$$data)
    __lcnum_c_end                            0x08006970   Data           0  lc_numeric_c.o(locale$$data)
    __lcctype_c_name                         0x08006974   Data           2  lc_ctype_c.o(locale$$data)
    __lcctype_c_start                        0x0800697c   Data           0  lc_ctype_c.o(locale$$data)
    __lcctype_c_end                          0x08006a80   Data           0  lc_ctype_c.o(locale$$data)
    .data                                    0x20000000   Section       72  main.o(.data)
    .data                                    0x20000048   Section       12  stm32f1xx_hal.o(.data)
    .data                                    0x20000054   Section        4  system_stm32f1xx.o(.data)
    .bss                                     0x20000058   Section      408  main.o(.bss)
    .bss                                     0x200001f0   Section       68  main.o(.bss)
    .bss                                     0x20000234   Section       96  libspace.o(.bss)
    HEAP                                     0x20000298   Section      512  startup_stm32f103xb.o(HEAP)
    Heap_Mem                                 0x20000298   Data         512  startup_stm32f103xb.o(HEAP)
    STACK                                    0x20000498   Section     1024  startup_stm32f103xb.o(STACK)
    Stack_Mem                                0x20000498   Data        1024  startup_stm32f103xb.o(STACK)
    __initial_sp                             0x20000898   Data           0  startup_stm32f103xb.o(STACK)

    Global Symbols

    Symbol Name                              Value     Ov Type        Size  Object(Section)

    BuildAttributes$$THM_ISAv4$P$D$K$B$S$PE$A:L22UL41UL21$X:L11$S22US41US21$IEEE1$IW$USESV6$~STKCKD$USESV7$~SHL$OTIME$ROPI$IEEEX$EBA8$UX$STANDARDLIB$REQ8$PRES8$EABIv2 0x00000000   Number         0  anon$$obj.o ABSOLUTE
    __ARM_use_no_argv                        0x00000000   Number         0  main.o ABSOLUTE
    _printf_flags                            0x00000000   Number         0  printf_stubs.o ABSOLUTE
    _printf_return_value                     0x00000000   Number         0  printf_stubs.o ABSOLUTE
    _printf_sizespec                         0x00000000   Number         0  printf_stubs.o ABSOLUTE
    _printf_widthprec                        0x00000000   Number         0  printf_stubs.o ABSOLUTE
    __ARM_exceptions_init                     - Undefined Weak Reference
    __alloca_initialize                       - Undefined Weak Reference
    __arm_preinit_                            - Undefined Weak Reference
    __cpp_initialize__aeabi_                  - Undefined Weak Reference
    __cxa_finalize                            - Undefined Weak Reference
    __sigvec_lookup                           - Undefined Weak Reference
    _atexit_init                              - Undefined Weak Reference
    _call_atexit_fns                          - Undefined Weak Reference
    _clock_init                               - Undefined Weak Reference
    _fp_trap_init                             - Undefined Weak Reference
    _fp_trap_shutdown                         - Undefined Weak Reference
    _get_lc_collate                           - Undefined Weak Reference
    _get_lc_monetary                          - Undefined Weak Reference
    _get_lc_time                              - Undefined Weak Reference
    _getenv_init                              - Undefined Weak Reference
    _handle_redirection                       - Undefined Weak Reference
    _init_alloc                               - Undefined Weak Reference
    _init_user_alloc                          - Undefined Weak Reference
    _initio                                   - Undefined Weak Reference
    _printf_post_padding                      - Undefined Weak Reference
    _printf_pre_padding                       - Undefined Weak Reference
    _rand_init                                - Undefined Weak Reference
    _scanf_longlong                           - Undefined Weak Reference
    _scanf_mbtowc                             - Undefined Weak Reference
    _scanf_string                             - Undefined Weak Reference
    _scanf_wctomb                             - Undefined Weak Reference
    _scanf_wstring                            - Undefined Weak Reference
    _signal_finish                            - Undefined Weak Reference
    _signal_init                              - Undefined Weak Reference
    _terminate_alloc                          - Undefined Weak Reference
    _terminate_user_alloc                     - Undefined Weak Reference
    _terminateio                              - Undefined Weak Reference
    __Vectors_Size                           0x000000ec   Number         0  startup_stm32f103xb.o ABSOLUTE
    __Vectors                                0x08000000   Data           4  startup_stm32f103xb.o(RESET)
    __Vectors_End                            0x080000ec   Data           0  startup_stm32f103xb.o(RESET)
    __main                                   0x080000ed   Thumb Code     8  __main.o(!!!main)
    __scatterload                            0x080000f5   Thumb Code     0  __scatter.o(!!!scatter)
    __scatterload_rt2                        0x080000f5   Thumb Code    44  __scatter.o(!!!scatter)
    __scatterload_rt2_thumb_only             0x080000f5   Thumb Code     0  __scatter.o(!!!scatter)
    __scatterload_null                       0x08000103   Thumb Code     0  __scatter.o(!!!scatter)
    __scatterload_copy                       0x08000129   Thumb Code    26  __scatter_copy.o(!!handler_copy)
    __scatterload_zeroinit                   0x08000145   Thumb Code    28  __scatter_zi.o(!!handler_zi)
    _printf_f                                0x08000161   Thumb Code     0  _printf_f.o(.ARM.Collect$$_printf_percent$$00000003)
    _printf_percent                          0x08000161   Thumb Code     0  _printf_percent.o(.ARM.Collect$$_printf_percent$$00000000)
    _printf_percent_end                      0x08000167   Thumb Code     0  _printf_percent_end.o(.ARM.Collect$$_printf_percent$$00000017)
    __rt_lib_init                            0x0800016b   Thumb Code     0  libinit.o(.ARM.Collect$$libinit$$00000000)
    __rt_lib_init_fp_1                       0x0800016d   Thumb Code     0  libinit2.o(.ARM.Collect$$libinit$$00000002)
    __rt_lib_init_heap_1                     0x0800016d   Thumb Code     0  libinit2.o(.ARM.Collect$$libinit$$0000000A)
    __rt_lib_init_lc_common                  0x0800016d   Thumb Code     0  libinit2.o(.ARM.Collect$$libinit$$0000000F)
    __rt_lib_init_preinit_1                  0x0800016d   Thumb Code     0  libinit2.o(.ARM.Collect$$libinit$$00000004)
    __rt_lib_init_rand_1                     0x0800016d   Thumb Code     0  libinit2.o(.ARM.Collect$$libinit$$0000000E)
    __rt_lib_init_user_alloc_1               0x0800016d   Thumb Code     0  libinit2.o(.ARM.Collect$$libinit$$0000000C)
    __rt_lib_init_lc_collate_1               0x08000173   Thumb Code     0  libinit2.o(.ARM.Collect$$libinit$$00000011)
    __rt_lib_init_lc_ctype_2                 0x08000173   Thumb Code     0  libinit2.o(.ARM.Collect$$libinit$$00000012)
    __rt_lib_init_lc_ctype_1                 0x0800017f   Thumb Code     0  libinit2.o(.ARM.Collect$$libinit$$00000013)
    __rt_lib_init_lc_monetary_1              0x0800017f   Thumb Code     0  libinit2.o(.ARM.Collect$$libinit$$00000015)
    __rt_lib_init_lc_numeric_2               0x0800017f   Thumb Code     0  libinit2.o(.ARM.Collect$$libinit$$00000016)
    __rt_lib_init_alloca_1                   0x08000189   Thumb Code     0  libinit2.o(.ARM.Collect$$libinit$$0000002E)
    __rt_lib_init_argv_1                     0x08000189   Thumb Code     0  libinit2.o(.ARM.Collect$$libinit$$0000002C)
    __rt_lib_init_atexit_1                   0x08000189   Thumb Code     0  libinit2.o(.ARM.Collect$$libinit$$0000001B)
    __rt_lib_init_clock_1                    0x08000189   Thumb Code     0  libinit2.o(.ARM.Collect$$libinit$$00000021)
    __rt_lib_init_cpp_1                      0x08000189   Thumb Code     0  libinit2.o(.ARM.Collect$$libinit$$00000032)
    __rt_lib_init_exceptions_1               0x08000189   Thumb Code     0  libinit2.o(.ARM.Collect$$libinit$$00000030)
    __rt_lib_init_fp_trap_1                  0x08000189   Thumb Code     0  libinit2.o(.ARM.Collect$$libinit$$0000001F)
    __rt_lib_init_getenv_1                   0x08000189   Thumb Code     0  libinit2.o(.ARM.Collect$$libinit$$00000023)
    __rt_lib_init_lc_numeric_1               0x08000189   Thumb Code     0  libinit2.o(.ARM.Collect$$libinit$$00000017)
    __rt_lib_init_lc_time_1                  0x08000189   Thumb Code     0  libinit2.o(.ARM.Collect$$libinit$$00000019)
    __rt_lib_init_return                     0x08000189   Thumb Code     0  libinit2.o(.ARM.Collect$$libinit$$00000033)
    __rt_lib_init_signal_1                   0x08000189   Thumb Code     0  libinit2.o(.ARM.Collect$$libinit$$0000001D)
    __rt_lib_init_stdio_1                    0x08000189   Thumb Code     0  libinit2.o(.ARM.Collect$$libinit$$00000025)
    __rt_lib_shutdown                        0x0800018b   Thumb Code     0  libshutdown.o(.ARM.Collect$$libshutdown$$00000000)
    __rt_lib_shutdown_cpp_1                  0x0800018d   Thumb Code     0  libshutdown2.o(.ARM.Collect$$libshutdown$$00000002)
    __rt_lib_shutdown_fp_trap_1              0x0800018d   Thumb Code     0  libshutdown2.o(.ARM.Collect$$libshutdown$$00000007)
    __rt_lib_shutdown_heap_1                 0x0800018d   Thumb Code     0  libshutdown2.o(.ARM.Collect$$libshutdown$$0000000F)
    __rt_lib_shutdown_return                 0x0800018d   Thumb Code     0  libshutdown2.o(.ARM.Collect$$libshutdown$$00000010)
    __rt_lib_shutdown_signal_1               0x0800018d   Thumb Code     0  libshutdown2.o(.ARM.Collect$$libshutdown$$0000000A)
    __rt_lib_shutdown_stdio_1                0x0800018d   Thumb Code     0  libshutdown2.o(.ARM.Collect$$libshutdown$$00000004)
    __rt_lib_shutdown_user_alloc_1           0x0800018d   Thumb Code     0  libshutdown2.o(.ARM.Collect$$libshutdown$$0000000C)
    __rt_entry                               0x0800018f   Thumb Code     0  __rtentry.o(.ARM.Collect$$rtentry$$00000000)
    __rt_entry_presh_1                       0x0800018f   Thumb Code     0  __rtentry2.o(.ARM.Collect$$rtentry$$00000002)
    __rt_entry_sh                            0x0800018f   Thumb Code     0  __rtentry4.o(.ARM.Collect$$rtentry$$00000004)
    __rt_entry_li                            0x08000195   Thumb Code     0  __rtentry2.o(.ARM.Collect$$rtentry$$0000000A)
    __rt_entry_postsh_1                      0x08000195   Thumb Code     0  __rtentry2.o(.ARM.Collect$$rtentry$$00000009)
    __rt_entry_main                          0x08000199   Thumb Code     0  __rtentry2.o(.ARM.Collect$$rtentry$$0000000D)
    __rt_entry_postli_1                      0x08000199   Thumb Code     0  __rtentry2.o(.ARM.Collect$$rtentry$$0000000C)
    __rt_exit                                0x080001a1   Thumb Code     0  rtexit.o(.ARM.Collect$$rtexit$$00000000)
    __rt_exit_ls                             0x080001a3   Thumb Code     0  rtexit2.o(.ARM.Collect$$rtexit$$00000003)
    __rt_exit_prels_1                        0x080001a3   Thumb Code     0  rtexit2.o(.ARM.Collect$$rtexit$$00000002)
    __rt_exit_exit                           0x080001a7   Thumb Code     0  rtexit2.o(.ARM.Collect$$rtexit$$00000004)
    Reset_Handler                            0x080001ad   Thumb Code     8  startup_stm32f103xb.o(.text)
    ADC1_2_IRQHandler                        0x080001c7   Thumb Code     0  startup_stm32f103xb.o(.text)
    CAN1_RX1_IRQHandler                      0x080001c7   Thumb Code     0  startup_stm32f103xb.o(.text)
    CAN1_SCE_IRQHandler                      0x080001c7   Thumb Code     0  startup_stm32f103xb.o(.text)
    DMA1_Channel1_IRQHandler                 0x080001c7   Thumb Code     0  startup_stm32f103xb.o(.text)
    DMA1_Channel2_IRQHandler                 0x080001c7   Thumb Code     0  startup_stm32f103xb.o(.text)
    DMA1_Channel3_IRQHandler                 0x080001c7   Thumb Code     0  startup_stm32f103xb.o(.text)
    DMA1_Channel4_IRQHandler                 0x080001c7   Thumb Code     0  startup_stm32f103xb.o(.text)
    DMA1_Channel6_IRQHandler                 0x080001c7   Thumb Code     0  startup_stm32f103xb.o(.text)
    DMA1_Channel7_IRQHandler                 0x080001c7   Thumb Code     0  startup_stm32f103xb.o(.text)
    EXTI0_IRQHandler                         0x080001c7   Thumb Code     0  startup_stm32f103xb.o(.text)
    EXTI15_10_IRQHandler                     0x080001c7   Thumb Code     0  startup_stm32f103xb.o(.text)
    EXTI1_IRQHandler                         0x080001c7   Thumb Code     0  startup_stm32f103xb.o(.text)
    EXTI2_IRQHandler                         0x080001c7   Thumb Code     0  startup_stm32f103xb.o(.text)
    EXTI3_IRQHandler                         0x080001c7   Thumb Code     0  startup_stm32f103xb.o(.text)
    EXTI4_IRQHandler                         0x080001c7   Thumb Code     0  startup_stm32f103xb.o(.text)
    EXTI9_5_IRQHandler                       0x080001c7   Thumb Code     0  startup_stm32f103xb.o(.text)
    FLASH_IRQHandler                         0x080001c7   Thumb Code     0  startup_stm32f103xb.o(.text)
    I2C1_ER_IRQHandler                       0x080001c7   Thumb Code     0  startup_stm32f103xb.o(.text)
    I2C1_EV_IRQHandler                       0x080001c7   Thumb Code     0  startup_stm32f103xb.o(.text)
    I2C2_ER_IRQHandler                       0x080001c7   Thumb Code     0  startup_stm32f103xb.o(.text)
    I2C2_EV_IRQHandler                       0x080001c7   Thumb Code     0  startup_stm32f103xb.o(.text)
    PVD_IRQHandler                           0x080001c7   Thumb Code     0  startup_stm32f103xb.o(.text)
    RCC_IRQHandler                           0x080001c7   Thumb Code     0  startup_stm32f103xb.o(.text)
    RTC_Alarm_IRQHandler                     0x080001c7   Thumb Code     0  startup_stm32f103xb.o(.text)
    RTC_IRQHandler                           0x080001c7   Thumb Code     0  startup_stm32f103xb.o(.text)
    SPI1_IRQHandler                          0x080001c7   Thumb Code     0  startup_stm32f103xb.o(.text)
    SPI2_IRQHandler                          0x080001c7   Thumb Code     0  startup_stm32f103xb.o(.text)
    TAMPER_IRQHandler                        0x080001c7   Thumb Code     0  startup_stm32f103xb.o(.text)
    TIM1_BRK_IRQHandler                      0x080001c7   Thumb Code     0  startup_stm32f103xb.o(.text)
    TIM1_CC_IRQHandler                       0x080001c7   Thumb Code     0  startup_stm32f103xb.o(.text)
    TIM1_TRG_COM_IRQHandler                  0x080001c7   Thumb Code     0  startup_stm32f103xb.o(.text)
    TIM1_UP_IRQHandler                       0x080001c7   Thumb Code     0  startup_stm32f103xb.o(.text)
    TIM3_IRQHandler                          0x080001c7   Thumb Code     0  startup_stm32f103xb.o(.text)
    TIM4_IRQHandler                          0x080001c7   Thumb Code     0  startup_stm32f103xb.o(.text)
    USART2_IRQHandler                        0x080001c7   Thumb Code     0  startup_stm32f103xb.o(.text)
    USART3_IRQHandler                        0x080001c7   Thumb Code     0  startup_stm32f103xb.o(.text)
    USBWakeUp_IRQHandler                     0x080001c7   Thumb Code     0  startup_stm32f103xb.o(.text)
    USB_HP_CAN1_TX_IRQHandler                0x080001c7   Thumb Code     0  startup_stm32f103xb.o(.text)
    USB_LP_CAN1_RX0_IRQHandler               0x080001c7   Thumb Code     0  startup_stm32f103xb.o(.text)
    WWDG_IRQHandler                          0x080001c7   Thumb Code     0  startup_stm32f103xb.o(.text)
    __user_initial_stackheap                 0x080001c9   Thumb Code     0  startup_stm32f103xb.o(.text)
    __2snprintf                              0x080001ed   Thumb Code    48  noretval__2snprintf.o(.text)
    __printf                                 0x08000221   Thumb Code   270  __printf_wp.o(.text)
    __0sscanf                                0x08000331   Thumb Code    52  __0sscanf.o(.text)
    _scanf_int                               0x0800036d   Thumb Code   332  _scanf_int.o(.text)
    strchr                                   0x080004b9   Thumb Code    20  strchr.o(.text)
    strlen                                   0x080004cd   Thumb Code    62  strlen.o(.text)
    __aeabi_memclr4                          0x0800050b   Thumb Code     0  rt_memclr_w.o(.text)
    __aeabi_memclr8                          0x0800050b   Thumb Code     0  rt_memclr_w.o(.text)
    __rt_memclr_w                            0x0800050b   Thumb Code    78  rt_memclr_w.o(.text)
    _memset_w                                0x0800050f   Thumb Code     0  rt_memclr_w.o(.text)
    strncpy                                  0x08000559   Thumb Code    86  strncpy.o(.text)
    __use_two_region_memory                  0x080005af   Thumb Code     2  heapauxi.o(.text)
    __rt_heap_escrow$2region                 0x080005b1   Thumb Code     2  heapauxi.o(.text)
    __rt_heap_expand$2region                 0x080005b3   Thumb Code     2  heapauxi.o(.text)
    __read_errno                             0x080005b5   Thumb Code    10  _rserrno.o(.text)
    __set_errno                              0x080005bf   Thumb Code    12  _rserrno.o(.text)
    __lib_sel_fp_printf                      0x080005cb   Thumb Code     2  _printf_fp_dec.o(.text)
    _printf_fp_dec_real                      0x0800077d   Thumb Code   620  _printf_fp_dec.o(.text)
    _printf_char_common                      0x080009f3   Thumb Code    32  _printf_char_common.o(.text)
    _sputc                                   0x08000a19   Thumb Code    10  _sputc.o(.text)
    _snputc                                  0x08000a23   Thumb Code    16  _snputc.o(.text)
    _chval                                   0x08000a33   Thumb Code    28  _chval.o(.text)
    _scanf_really_real                       0x08000c9d   Thumb Code   684  scanf_fp.o(.text)
    __vfscanf_char                           0x08000f55   Thumb Code    24  scanf_char.o(.text)
    _sgetc                                   0x08000f75   Thumb Code    30  _sgetc.o(.text)
    _sbackspace                              0x08000f93   Thumb Code    34  _sgetc.o(.text)
    __aeabi_memclr                           0x08000fb5   Thumb Code     0  rt_memclr.o(.text)
    __rt_memclr                              0x08000fb5   Thumb Code    68  rt_memclr.o(.text)
    _memset                                  0x08000fb9   Thumb Code     0  rt_memclr.o(.text)
    __rt_locale                              0x08000ff9   Thumb Code     8  rt_locale_intlibspace.o(.text)
    __aeabi_errno_addr                       0x08001001   Thumb Code     8  rt_errno_addr_intlibspace.o(.text)
    __errno$intlibspace                      0x08001001   Thumb Code     0  rt_errno_addr_intlibspace.o(.text)
    __rt_errno_addr$intlibspace              0x08001001   Thumb Code     0  rt_errno_addr_intlibspace.o(.text)
    _ll_udiv10                               0x08001009   Thumb Code   138  lludiv10.o(.text)
    isspace                                  0x08001093   Thumb Code    18  isspace.o(.text)
    _printf_fp_infnan                        0x080010a5   Thumb Code   112  _printf_fp_infnan.o(.text)
    __vfscanf                                0x08001125   Thumb Code   878  _scanf.o(.text)
    _btod_etento                             0x08001499   Thumb Code   224  bigflt0.o(.text)
    __user_libspace                          0x0800157d   Thumb Code     8  libspace.o(.text)
    __user_perproc_libspace                  0x0800157d   Thumb Code     0  libspace.o(.text)
    __user_perthread_libspace                0x0800157d   Thumb Code     0  libspace.o(.text)
    __user_setup_stackheap                   0x08001585   Thumb Code    74  sys_stackheap_outer.o(.text)
    __rt_ctype_table                         0x080015d1   Thumb Code    16  rt_ctype_table.o(.text)
    _scanf_really_hex_real                   0x080015e1   Thumb Code   786  scanf_hexfp.o(.text)
    _scanf_really_infnan                     0x08001901   Thumb Code   292  scanf_infnan.o(.text)
    exit                                     0x08001a35   Thumb Code    18  exit.o(.text)
    strcmp                                   0x08001a49   Thumb Code   128  strcmpv7m.o(.text)
    __aeabi_llsl                             0x08001ac9   Thumb Code     0  llshl.o(.text)
    _ll_shift_l                              0x08001ac9   Thumb Code    38  llshl.o(.text)
    _sys_exit                                0x08001af1   Thumb Code     8  sys_exit.o(.text)
    __I$use$semihosting                      0x08001afd   Thumb Code     0  use_no_semi.o(.text)
    __use_no_semihosting_swi                 0x08001afd   Thumb Code     2  use_no_semi.o(.text)
    __semihosting_library_function           0x08001aff   Thumb Code     0  indicate_semi.o(.text)
    _btod_d2e                                0x08001aff   Thumb Code    62  btod.o(CL$$btod_d2e)
    _d2e_denorm_low                          0x08001b3d   Thumb Code    70  btod.o(CL$$btod_d2e_denorm_low)
    _d2e_norm_op1                            0x08001b83   Thumb Code    96  btod.o(CL$$btod_d2e_norm_op1)
    __btod_div_common                        0x08001be3   Thumb Code   696  btod.o(CL$$btod_div_common)
    _e2d                                     0x08001f1d   Thumb Code   122  btod.o(CL$$btod_e2d)
    _e2e                                     0x08001fa1   Thumb Code   220  btod.o(CL$$btod_e2e)
    _btod_ediv                               0x0800207d   Thumb Code    42  btod.o(CL$$btod_ediv)
    _btod_edivd                              0x080020a7   Thumb Code    42  btod.o(CL$$btod_edivd)
    _btod_emul                               0x080020d1   Thumb Code    42  btod.o(CL$$btod_emul)
    _btod_emuld                              0x080020fb   Thumb Code    42  btod.o(CL$$btod_emuld)
    __btod_mult_common                       0x08002125   Thumb Code   580  btod.o(CL$$btod_mult_common)
    BusFault_Handler                         0x08002369   Thumb Code     2  stm32f1xx_it.o(i.BusFault_Handler)
    DC_speed                                 0x0800236d   Thumb Code    58  main.o(i.DC_speed)
    DMA1_Channel5_IRQHandler                 0x080023bd   Thumb Code     6  stm32f1xx_it.o(i.DMA1_Channel5_IRQHandler)
    DebugMon_Handler                         0x080023f3   Thumb Code     2  stm32f1xx_it.o(i.DebugMon_Handler)
    Error_Handler                            0x080023f5   Thumb Code     4  main.o(i.Error_Handler)
    HAL_DMA_Abort                            0x080023f9   Thumb Code    70  stm32f1xx_hal_dma.o(i.HAL_DMA_Abort)
    HAL_DMA_Abort_IT                         0x08002441   Thumb Code   148  stm32f1xx_hal_dma.o(i.HAL_DMA_Abort_IT)
    HAL_DMA_IRQHandler                       0x080024d9   Thumb Code   316  stm32f1xx_hal_dma.o(i.HAL_DMA_IRQHandler)
    HAL_DMA_Init                             0x0800262d   Thumb Code    84  stm32f1xx_hal_dma.o(i.HAL_DMA_Init)
    HAL_DMA_Start_IT                         0x08002689   Thumb Code   112  stm32f1xx_hal_dma.o(i.HAL_DMA_Start_IT)
    HAL_GPIO_Init                            0x080026f9   Thumb Code   446  stm32f1xx_hal_gpio.o(i.HAL_GPIO_Init)
    HAL_GPIO_ReadPin                         0x080028d9   Thumb Code    10  stm32f1xx_hal_gpio.o(i.HAL_GPIO_ReadPin)
    HAL_GPIO_TogglePin                       0x080028e3   Thumb Code    16  stm32f1xx_hal_gpio.o(i.HAL_GPIO_TogglePin)
    HAL_GPIO_WritePin                        0x080028f3   Thumb Code    10  stm32f1xx_hal_gpio.o(i.HAL_GPIO_WritePin)
    HAL_GetTick                              0x080028fd   Thumb Code     6  stm32f1xx_hal.o(i.HAL_GetTick)
    HAL_IncTick                              0x08002909   Thumb Code    12  stm32f1xx_hal.o(i.HAL_IncTick)
    HAL_Init                                 0x08002919   Thumb Code    32  stm32f1xx_hal.o(i.HAL_Init)
    HAL_InitTick                             0x0800293d   Thumb Code    54  stm32f1xx_hal.o(i.HAL_InitTick)
    HAL_MspInit                              0x0800297d   Thumb Code    52  stm32f1xx_hal_msp.o(i.HAL_MspInit)
    HAL_NVIC_EnableIRQ                       0x080029b9   Thumb Code    26  stm32f1xx_hal_cortex.o(i.HAL_NVIC_EnableIRQ)
    HAL_NVIC_SetPriority                     0x080029d5   Thumb Code    60  stm32f1xx_hal_cortex.o(i.HAL_NVIC_SetPriority)
    HAL_NVIC_SetPriorityGrouping             0x08002a15   Thumb Code    26  stm32f1xx_hal_cortex.o(i.HAL_NVIC_SetPriorityGrouping)
    HAL_RCC_ClockConfig                      0x08002a39   Thumb Code   280  stm32f1xx_hal_rcc.o(i.HAL_RCC_ClockConfig)
    HAL_RCC_GetPCLK1Freq                     0x08002b65   Thumb Code    20  stm32f1xx_hal_rcc.o(i.HAL_RCC_GetPCLK1Freq)
    HAL_RCC_GetPCLK2Freq                     0x08002b85   Thumb Code    20  stm32f1xx_hal_rcc.o(i.HAL_RCC_GetPCLK2Freq)
    HAL_RCC_GetSysClockFreq                  0x08002ba5   Thumb Code    58  stm32f1xx_hal_rcc.o(i.HAL_RCC_GetSysClockFreq)
    HAL_RCC_OscConfig                        0x08002bf1   Thumb Code   778  stm32f1xx_hal_rcc.o(i.HAL_RCC_OscConfig)
    HAL_SYSTICK_Config                       0x08002f11   Thumb Code    40  stm32f1xx_hal_cortex.o(i.HAL_SYSTICK_Config)
    HAL_TIMEx_BreakCallback                  0x08002f39   Thumb Code     2  stm32f1xx_hal_tim_ex.o(i.HAL_TIMEx_BreakCallback)
    HAL_TIMEx_CommutCallback                 0x08002f3b   Thumb Code     2  stm32f1xx_hal_tim_ex.o(i.HAL_TIMEx_CommutCallback)
    HAL_TIMEx_ConfigBreakDeadTime            0x08002f3d   Thumb Code    84  stm32f1xx_hal_tim_ex.o(i.HAL_TIMEx_ConfigBreakDeadTime)
    HAL_TIMEx_MasterConfigSynchronization    0x08002f91   Thumb Code    92  stm32f1xx_hal_tim_ex.o(i.HAL_TIMEx_MasterConfigSynchronization)
    HAL_TIM_Base_Init                        0x08002ff9   Thumb Code    90  stm32f1xx_hal_tim.o(i.HAL_TIM_Base_Init)
    HAL_TIM_Base_MspInit                     0x08003055   Thumb Code    72  stm32f1xx_hal_msp.o(i.HAL_TIM_Base_MspInit)
    HAL_TIM_Base_Start_IT                    0x080030a5   Thumb Code    76  stm32f1xx_hal_tim.o(i.HAL_TIM_Base_Start_IT)
    HAL_TIM_ConfigClockSource                0x080030fd   Thumb Code   220  stm32f1xx_hal_tim.o(i.HAL_TIM_ConfigClockSource)
    HAL_TIM_Encoder_Init                     0x080031d9   Thumb Code   164  stm32f1xx_hal_tim.o(i.HAL_TIM_Encoder_Init)
    HAL_TIM_Encoder_MspInit                  0x0800327d   Thumb Code    76  stm32f1xx_hal_msp.o(i.HAL_TIM_Encoder_MspInit)
    HAL_TIM_Encoder_Start                    0x080032d5   Thumb Code   142  stm32f1xx_hal_tim.o(i.HAL_TIM_Encoder_Start)
    HAL_TIM_IC_CaptureCallback               0x08003363   Thumb Code     2  stm32f1xx_hal_tim.o(i.HAL_TIM_IC_CaptureCallback)
    HAL_TIM_IRQHandler                       0x08003365   Thumb Code   358  stm32f1xx_hal_tim.o(i.HAL_TIM_IRQHandler)
    HAL_TIM_MspPostInit                      0x080034cd   Thumb Code   120  stm32f1xx_hal_msp.o(i.HAL_TIM_MspPostInit)
    HAL_TIM_OC_DelayElapsedCallback          0x08003555   Thumb Code     2  stm32f1xx_hal_tim.o(i.HAL_TIM_OC_DelayElapsedCallback)
    HAL_TIM_PWM_ConfigChannel                0x08003557   Thumb Code   204  stm32f1xx_hal_tim.o(i.HAL_TIM_PWM_ConfigChannel)
    HAL_TIM_PWM_Init                         0x08003623   Thumb Code    90  stm32f1xx_hal_tim.o(i.HAL_TIM_PWM_Init)
    HAL_TIM_PWM_MspInit                      0x0800367d   Thumb Code     2  stm32f1xx_hal_tim.o(i.HAL_TIM_PWM_MspInit)
    HAL_TIM_PWM_PulseFinishedCallback        0x0800367f   Thumb Code     2  stm32f1xx_hal_tim.o(i.HAL_TIM_PWM_PulseFinishedCallback)
    HAL_TIM_PWM_Start                        0x08003681   Thumb Code   144  stm32f1xx_hal_tim.o(i.HAL_TIM_PWM_Start)
    HAL_TIM_PeriodElapsedCallback            0x0800371d   Thumb Code    34  main.o(i.HAL_TIM_PeriodElapsedCallback)
    HAL_TIM_TriggerCallback                  0x08003745   Thumb Code     2  stm32f1xx_hal_tim.o(i.HAL_TIM_TriggerCallback)
    HAL_UARTEx_RxEventCallback               0x08003747   Thumb Code     2  stm32f1xx_hal_uart.o(i.HAL_UARTEx_RxEventCallback)
    HAL_UART_ErrorCallback                   0x08003749   Thumb Code     2  stm32f1xx_hal_uart.o(i.HAL_UART_ErrorCallback)
    HAL_UART_IRQHandler                      0x0800374d   Thumb Code   616  stm32f1xx_hal_uart.o(i.HAL_UART_IRQHandler)
    HAL_UART_Init                            0x080039b9   Thumb Code   100  stm32f1xx_hal_uart.o(i.HAL_UART_Init)
    HAL_UART_MspInit                         0x08003a1d   Thumb Code   156  stm32f1xx_hal_msp.o(i.HAL_UART_MspInit)
    HAL_UART_Receive_DMA                     0x08003acd   Thumb Code    28  stm32f1xx_hal_uart.o(i.HAL_UART_Receive_DMA)
    HAL_UART_RxCpltCallback                  0x08003ae9   Thumb Code    50  main.o(i.HAL_UART_RxCpltCallback)
    HAL_UART_RxHalfCpltCallback              0x08003b2d   Thumb Code     2  stm32f1xx_hal_uart.o(i.HAL_UART_RxHalfCpltCallback)
    HAL_UART_Transmit                        0x08003b2f   Thumb Code   154  stm32f1xx_hal_uart.o(i.HAL_UART_Transmit)
    HAL_UART_TxCpltCallback                  0x08003bc9   Thumb Code     2  stm32f1xx_hal_uart.o(i.HAL_UART_TxCpltCallback)
    HardFault_Handler                        0x08003bcb   Thumb Code     2  stm32f1xx_it.o(i.HardFault_Handler)
    LiftTruck                                0x08003bcd   Thumb Code    52  main.o(i.LiftTruck)
    MemManage_Handler                        0x08003e8d   Thumb Code     2  stm32f1xx_it.o(i.MemManage_Handler)
    NMI_Handler                              0x08003e8f   Thumb Code     2  stm32f1xx_it.o(i.NMI_Handler)
    PendSV_Handler                           0x08003e91   Thumb Code     2  stm32f1xx_it.o(i.PendSV_Handler)
    SVC_Handler                              0x08003e93   Thumb Code     2  stm32f1xx_it.o(i.SVC_Handler)
    Set_Motor_Speed                          0x08003e95   Thumb Code   110  main.o(i.Set_Motor_Speed)
    Set_Servo_Position                       0x08003f0d   Thumb Code   204  main.o(i.Set_Servo_Position)
    SysTick_Handler                          0x08004009   Thumb Code     4  stm32f1xx_it.o(i.SysTick_Handler)
    SystemClock_Config                       0x0800400d   Thumb Code    94  main.o(i.SystemClock_Config)
    SystemInit                               0x0800406b   Thumb Code     2  system_stm32f1xx.o(i.SystemInit)
    TIM2_IRQHandler                          0x0800406d   Thumb Code     6  stm32f1xx_it.o(i.TIM2_IRQHandler)
    TIM_Base_SetConfig                       0x08004079   Thumb Code    94  stm32f1xx_hal_tim.o(i.TIM_Base_SetConfig)
    TIM_CCxChannelCmd                        0x080040e5   Thumb Code    26  stm32f1xx_hal_tim.o(i.TIM_CCxChannelCmd)
    TIM_ETR_SetConfig                        0x080040ff   Thumb Code    20  stm32f1xx_hal_tim.o(i.TIM_ETR_SetConfig)
    TIM_OC2_SetConfig                        0x08004175   Thumb Code    84  stm32f1xx_hal_tim.o(i.TIM_OC2_SetConfig)
    UART_Start_Receive_DMA                   0x08004591   Thumb Code   130  stm32f1xx_hal_uart.o(i.UART_Start_Receive_DMA)
    USART1_IRQHandler                        0x08004699   Thumb Code     6  stm32f1xx_it.o(i.USART1_IRQHandler)
    UsageFault_Handler                       0x080046a5   Thumb Code     2  stm32f1xx_it.o(i.UsageFault_Handler)
    __ARM_fpclassify                         0x080046a7   Thumb Code    40  fpclassify.o(i.__ARM_fpclassify)
    __ieee754_rem_pio2                       0x080046f1   Thumb Code   828  rred.o(i.__ieee754_rem_pio2)
    __kernel_poly                            0x08004a79   Thumb Code   170  poly.o(i.__kernel_poly)
    __kernel_tan                             0x08004b25   Thumb Code   586  tan_i.o(i.__kernel_tan)
    __mathlib_dbl_infnan                     0x08004da1   Thumb Code     6  dunder.o(i.__mathlib_dbl_infnan)
    __mathlib_dbl_invalid                    0x08004da7   Thumb Code    12  dunder.o(i.__mathlib_dbl_invalid)
    __mathlib_dbl_overflow                   0x08004db3   Thumb Code    14  dunder.o(i.__mathlib_dbl_overflow)
    __mathlib_dbl_underflow                  0x08004dc1   Thumb Code    10  dunder.o(i.__mathlib_dbl_underflow)
    __mathlib_narrow                         0x08004dd1   Thumb Code    16  narrow.o(i.__mathlib_narrow)
    __mathlib_tofloat                        0x08004de1   Thumb Code   184  narrow.o(i.__mathlib_tofloat)
    __support_ldexp                          0x08004e9d   Thumb Code    22  ldexp.o(i.__support_ldexp)
    _is_digit                                0x08004eb3   Thumb Code    14  __printf_wp.o(i._is_digit)
    atan                                     0x08004ec1   Thumb Code   474  atan.o(i.atan)
    frexp                                    0x080050e1   Thumb Code    80  frexp.o(i.frexp)
    ldexp                                    0x08005139   Thumb Code   116  ldexp.o(i.ldexp)
    main                                     0x080051ad   Thumb Code   590  main.o(i.main)
    sendspeed                                0x08005445   Thumb Code    72  main.o(i.sendspeed)
    tan                                      0x080054a1   Thumb Code    90  tan.o(i.tan)
    _get_lc_numeric                          0x08005505   Thumb Code    44  lc_numeric_c.o(locale$$code)
    _get_lc_ctype                            0x08005531   Thumb Code    44  lc_ctype_c.o(locale$$code)
    __aeabi_d2f                              0x0800555d   Thumb Code     0  d2f.o(x$fpl$d2f)
    _d2f                                     0x0800555d   Thumb Code    98  d2f.o(x$fpl$d2f)
    __aeabi_dadd                             0x080055c1   Thumb Code     0  daddsub_clz.o(x$fpl$dadd)
    _dadd                                    0x080055c1   Thumb Code   332  daddsub_clz.o(x$fpl$dadd)
    __fpl_dcheck_NaN1                        0x08005711   Thumb Code    10  dcheck1.o(x$fpl$dcheck1)
    __fpl_dcmp_Inf                           0x08005721   Thumb Code    24  dcmpi.o(x$fpl$dcmpinf)
    __aeabi_ddiv                             0x08005739   Thumb Code     0  ddiv.o(x$fpl$ddiv)
    _ddiv                                    0x08005739   Thumb Code   552  ddiv.o(x$fpl$ddiv)
    __aeabi_cdcmpeq                          0x080059e9   Thumb Code     0  deqf.o(x$fpl$deqf)
    _dcmpeq                                  0x080059e9   Thumb Code   120  deqf.o(x$fpl$deqf)
    __aeabi_d2iz                             0x08005a61   Thumb Code     0  dfix.o(x$fpl$dfix)
    _dfix                                    0x08005a61   Thumb Code    94  dfix.o(x$fpl$dfix)
    __aeabi_i2d                              0x08005abf   Thumb Code     0  dflt_clz.o(x$fpl$dflt)
    _dflt                                    0x08005abf   Thumb Code    46  dflt_clz.o(x$fpl$dflt)
    __aeabi_ui2d                             0x08005aed   Thumb Code     0  dflt_clz.o(x$fpl$dfltu)
    _dfltu                                   0x08005aed   Thumb Code    38  dflt_clz.o(x$fpl$dfltu)
    __aeabi_cdcmple                          0x08005b15   Thumb Code     0  dleqf.o(x$fpl$dleqf)
    _dcmple                                  0x08005b15   Thumb Code   120  dleqf.o(x$fpl$dleqf)
    __fpl_dcmple_InfNaN                      0x08005b77   Thumb Code     0  dleqf.o(x$fpl$dleqf)
    __aeabi_dmul                             0x08005b8d   Thumb Code     0  dmul.o(x$fpl$dmul)
    _dmul                                    0x08005b8d   Thumb Code   332  dmul.o(x$fpl$dmul)
    __fpl_dnaninf                            0x08005ce1   Thumb Code   156  dnaninf.o(x$fpl$dnaninf)
    __fpl_dretinf                            0x08005d7d   Thumb Code    12  dretinf.o(x$fpl$dretinf)
    __aeabi_cdrcmple                         0x08005d89   Thumb Code     0  drleqf.o(x$fpl$drleqf)
    _drcmple                                 0x08005d89   Thumb Code   108  drleqf.o(x$fpl$drleqf)
    __aeabi_drsub                            0x08005df5   Thumb Code     0  daddsub_clz.o(x$fpl$drsb)
    _drsb                                    0x08005df5   Thumb Code    22  daddsub_clz.o(x$fpl$drsb)
    __aeabi_dsub                             0x08005e0d   Thumb Code     0  daddsub_clz.o(x$fpl$dsub)
    _dsub                                    0x08005e0d   Thumb Code   464  daddsub_clz.o(x$fpl$dsub)
    __aeabi_f2d                              0x08005fe1   Thumb Code     0  f2d.o(x$fpl$f2d)
    _f2d                                     0x08005fe1   Thumb Code    86  f2d.o(x$fpl$f2d)
    __aeabi_fadd                             0x08006039   Thumb Code     0  faddsub_clz.o(x$fpl$fadd)
    _fadd                                    0x08006039   Thumb Code   196  faddsub_clz.o(x$fpl$fadd)
    __fpl_fcheck_NaN1                        0x080060fd   Thumb Code     6  fcheck1.o(x$fpl$fcheck1)
    __aeabi_fdiv                             0x08006109   Thumb Code     0  fdiv.o(x$fpl$fdiv)
    _fdiv                                    0x08006109   Thumb Code   384  fdiv.o(x$fpl$fdiv)
    __aeabi_f2uiz                            0x0800628d   Thumb Code     0  ffixu.o(x$fpl$ffixu)
    _ffixu                                   0x0800628d   Thumb Code    62  ffixu.o(x$fpl$ffixu)
    __aeabi_fmul                             0x080062cd   Thumb Code     0  fmul.o(x$fpl$fmul)
    _fmul                                    0x080062cd   Thumb Code   258  fmul.o(x$fpl$fmul)
    __fpl_fnaninf                            0x080063cf   Thumb Code   140  fnaninf.o(x$fpl$fnaninf)
    __fpl_fretinf                            0x0800645b   Thumb Code    10  fretinf.o(x$fpl$fretinf)
    __aeabi_fsub                             0x08006465   Thumb Code     0  faddsub_clz.o(x$fpl$fsub)
    _fsub                                    0x08006465   Thumb Code   234  faddsub_clz.o(x$fpl$fsub)
    __ieee_status                            0x0800654f   Thumb Code     6  istatus.o(x$fpl$ieeestatus)
    _printf_fp_dec                           0x08006555   Thumb Code     4  printf1.o(x$fpl$printf1)
    __fpl_return_NaN                         0x08006559   Thumb Code   100  retnan.o(x$fpl$retnan)
    __ARM_scalbn                             0x080065bd   Thumb Code    92  scalbn.o(x$fpl$scalbn)
    __ARM_scalbnf                            0x08006619   Thumb Code    76  scalbnf.o(x$fpl$scalbnf)
    _scanf_real                              0x08006665   Thumb Code     4  scanf1.o(x$fpl$scanf1)
    _scanf_hex_real                          0x08006669   Thumb Code     4  scanf2.o(x$fpl$scanf2)
    _scanf_infnan                            0x0800666d   Thumb Code     4  scanf2.o(x$fpl$scanf2)
    __fpl_cmpreturn                          0x08006671   Thumb Code    48  trapv.o(x$fpl$trapveneer)
    __I$use$fp                               0x080066a0   Number         0  usenofp.o(x$fpl$usenofp)
    AHBPrescTable                            0x080066b2   Data          16  system_stm32f1xx.o(.constdata)
    APBPrescTable                            0x080066c2   Data           8  system_stm32f1xx.o(.constdata)
    Region$$Table$$Base                      0x08006924   Number         0  anon$$obj.o(Region$$Table)
    Region$$Table$$Limit                     0x08006944   Number         0  anon$$obj.o(Region$$Table)
    __aeabi_HUGE_VAL                         0x08006944   Data           0  fpconst.o(c$$dinf)
    __aeabi_HUGE_VALL                        0x08006944   Data           0  fpconst.o(c$$dinf)
    __aeabi_INFINITY                         0x08006944   Data           0  fpconst.o(c$$dinf)
    __dInf                                   0x08006944   Data           0  fpconst.o(c$$dinf)
    __huge_val                               0x08006944   Data           0  fpconst.o(c$$dinf)
    __dbl_max                                0x0800694c   Data           0  fpconst.o(c$$dmax)
    __ctype                                  0x0800697d   Data           0  lc_ctype_c.o(locale$$data)
    data_ready                               0x20000000   Data           1  main.o(.data)
    rx_char                                  0x20000001   Data           1  main.o(.data)
    encoder_count                            0x20000002   Data           2  main.o(.data)
    encoder_pre                              0x20000004   Data           2  main.o(.data)
    track                                    0x20000008   Data           4  main.o(.data)
    wheelbase                                0x2000000c   Data           4  main.o(.data)
    rx_index                                 0x20000010   Data           4  main.o(.data)
    angle_rad                                0x20000014   Data           4  main.o(.data)
    status                                   0x20000018   Data           4  main.o(.data)
    counter                                  0x2000001c   Data           4  main.o(.data)
    counter_flag                             0x20000020   Data           4  main.o(.data)
    angle_deg                                0x20000024   Data           4  main.o(.data)
    speed                                    0x20000028   Data           4  main.o(.data)
    angle                                    0x2000002c   Data           4  main.o(.data)
    PWM                                      0x20000030   Data           4  main.o(.data)
    pulse_length                             0x20000034   Data           4  main.o(.data)
    j_speed                                  0x20000038   Data           8  main.o(.data)
    wheel_position                           0x20000040   Data           8  main.o(.data)
    uwTickFreq                               0x20000048   Data           1  stm32f1xx_hal.o(.data)
    uwTickPrio                               0x2000004c   Data           4  stm32f1xx_hal.o(.data)
    uwTick                                   0x20000050   Data           4  stm32f1xx_hal.o(.data)
    SystemCoreClock                          0x20000054   Data           4  system_stm32f1xx.o(.data)
    rx_buffer                                0x20000058   Data          40  main.o(.bss)
    temp_buffer                              0x20000080   Data          40  main.o(.bss)
    htim1                                    0x200000a8   Data          72  main.o(.bss)
    htim2                                    0x200000f0   Data          72  main.o(.bss)
    htim4                                    0x20000138   Data          72  main.o(.bss)
    huart1                                   0x20000180   Data          72  main.o(.bss)
    data                                     0x200001c8   Data          40  main.o(.bss)
    hdma_usart1_rx                           0x200001f0   Data          68  main.o(.bss)
    __libspace_start                         0x20000234   Data          96  libspace.o(.bss)
    __temporary_stack_top$libspace           0x20000294   Data           0  libspace.o(.bss)



==============================================================================

Memory Map of the image

  Image Entry point : 0x080000ed

  Load Region LR_IROM1 (Base: 0x08000000, Size: 0x00006ad8, Max: 0x00010000, ABSOLUTE)

    Execution Region ER_IROM1 (Exec base: 0x08000000, Load base: 0x08000000, Size: 0x00006a80, Max: 0x00010000, ABSOLUTE)

    Exec Addr    Load Addr    Size         Type   Attr      Idx    E Section Name        Object

    0x08000000   0x08000000   0x000000ec   Data   RO            3    RESET               startup_stm32f103xb.o
    0x080000ec   0x080000ec   0x00000008   Code   RO         2812  * !!!main             c_w.l(__main.o)
    0x080000f4   0x080000f4   0x00000034   Code   RO         3208    !!!scatter          c_w.l(__scatter.o)
    0x08000128   0x08000128   0x0000001a   Code   RO         3210    !!handler_copy      c_w.l(__scatter_copy.o)
    0x08000142   0x08000142   0x00000002   PAD
    0x08000144   0x08000144   0x0000001c   Code   RO         3212    !!handler_zi        c_w.l(__scatter_zi.o)
    0x08000160   0x08000160   0x00000000   Code   RO         2797    .ARM.Collect$$_printf_percent$$00000000  c_w.l(_printf_percent.o)
    0x08000160   0x08000160   0x00000006   Code   RO         2796    .ARM.Collect$$_printf_percent$$00000003  c_w.l(_printf_f.o)
    0x08000166   0x08000166   0x00000004   Code   RO         2897    .ARM.Collect$$_printf_percent$$00000017  c_w.l(_printf_percent_end.o)
    0x0800016a   0x0800016a   0x00000002   Code   RO         3055    .ARM.Collect$$libinit$$00000000  c_w.l(libinit.o)
    0x0800016c   0x0800016c   0x00000000   Code   RO         3057    .ARM.Collect$$libinit$$00000002  c_w.l(libinit2.o)
    0x0800016c   0x0800016c   0x00000000   Code   RO         3059    .ARM.Collect$$libinit$$00000004  c_w.l(libinit2.o)
    0x0800016c   0x0800016c   0x00000000   Code   RO         3062    .ARM.Collect$$libinit$$0000000A  c_w.l(libinit2.o)
    0x0800016c   0x0800016c   0x00000000   Code   RO         3064    .ARM.Collect$$libinit$$0000000C  c_w.l(libinit2.o)
    0x0800016c   0x0800016c   0x00000000   Code   RO         3066    .ARM.Collect$$libinit$$0000000E  c_w.l(libinit2.o)
    0x0800016c   0x0800016c   0x00000006   Code   RO         3067    .ARM.Collect$$libinit$$0000000F  c_w.l(libinit2.o)
    0x08000172   0x08000172   0x00000000   Code   RO         3069    .ARM.Collect$$libinit$$00000011  c_w.l(libinit2.o)
    0x08000172   0x08000172   0x0000000c   Code   RO         3070    .ARM.Collect$$libinit$$00000012  c_w.l(libinit2.o)
    0x0800017e   0x0800017e   0x00000000   Code   RO         3071    .ARM.Collect$$libinit$$00000013  c_w.l(libinit2.o)
    0x0800017e   0x0800017e   0x00000000   Code   RO         3073    .ARM.Collect$$libinit$$00000015  c_w.l(libinit2.o)
    0x0800017e   0x0800017e   0x0000000a   Code   RO         3074    .ARM.Collect$$libinit$$00000016  c_w.l(libinit2.o)
    0x08000188   0x08000188   0x00000000   Code   RO         3075    .ARM.Collect$$libinit$$00000017  c_w.l(libinit2.o)
    0x08000188   0x08000188   0x00000000   Code   RO         3077    .ARM.Collect$$libinit$$00000019  c_w.l(libinit2.o)
    0x08000188   0x08000188   0x00000000   Code   RO         3079    .ARM.Collect$$libinit$$0000001B  c_w.l(libinit2.o)
    0x08000188   0x08000188   0x00000000   Code   RO         3081    .ARM.Collect$$libinit$$0000001D  c_w.l(libinit2.o)
    0x08000188   0x08000188   0x00000000   Code   RO         3083    .ARM.Collect$$libinit$$0000001F  c_w.l(libinit2.o)
    0x08000188   0x08000188   0x00000000   Code   RO         3085    .ARM.Collect$$libinit$$00000021  c_w.l(libinit2.o)
    0x08000188   0x08000188   0x00000000   Code   RO         3087    .ARM.Collect$$libinit$$00000023  c_w.l(libinit2.o)
    0x08000188   0x08000188   0x00000000   Code   RO         3089    .ARM.Collect$$libinit$$00000025  c_w.l(libinit2.o)
    0x08000188   0x08000188   0x00000000   Code   RO         3093    .ARM.Collect$$libinit$$0000002C  c_w.l(libinit2.o)
    0x08000188   0x08000188   0x00000000   Code   RO         3095    .ARM.Collect$$libinit$$0000002E  c_w.l(libinit2.o)
    0x08000188   0x08000188   0x00000000   Code   RO         3097    .ARM.Collect$$libinit$$00000030  c_w.l(libinit2.o)
    0x08000188   0x08000188   0x00000000   Code   RO         3099    .ARM.Collect$$libinit$$00000032  c_w.l(libinit2.o)
    0x08000188   0x08000188   0x00000002   Code   RO         3100    .ARM.Collect$$libinit$$00000033  c_w.l(libinit2.o)
    0x0800018a   0x0800018a   0x00000002   Code   RO         3156    .ARM.Collect$$libshutdown$$00000000  c_w.l(libshutdown.o)
    0x0800018c   0x0800018c   0x00000000   Code   RO         3167    .ARM.Collect$$libshutdown$$00000002  c_w.l(libshutdown2.o)
    0x0800018c   0x0800018c   0x00000000   Code   RO         3169    .ARM.Collect$$libshutdown$$00000004  c_w.l(libshutdown2.o)
    0x0800018c   0x0800018c   0x00000000   Code   RO         3172    .ARM.Collect$$libshutdown$$00000007  c_w.l(libshutdown2.o)
    0x0800018c   0x0800018c   0x00000000   Code   RO         3175    .ARM.Collect$$libshutdown$$0000000A  c_w.l(libshutdown2.o)
    0x0800018c   0x0800018c   0x00000000   Code   RO         3177    .ARM.Collect$$libshutdown$$0000000C  c_w.l(libshutdown2.o)
    0x0800018c   0x0800018c   0x00000000   Code   RO         3180    .ARM.Collect$$libshutdown$$0000000F  c_w.l(libshutdown2.o)
    0x0800018c   0x0800018c   0x00000002   Code   RO         3181    .ARM.Collect$$libshutdown$$00000010  c_w.l(libshutdown2.o)
    0x0800018e   0x0800018e   0x00000000   Code   RO         2886    .ARM.Collect$$rtentry$$00000000  c_w.l(__rtentry.o)
    0x0800018e   0x0800018e   0x00000000   Code   RO         2953    .ARM.Collect$$rtentry$$00000002  c_w.l(__rtentry2.o)
    0x0800018e   0x0800018e   0x00000006   Code   RO         2965    .ARM.Collect$$rtentry$$00000004  c_w.l(__rtentry4.o)
    0x08000194   0x08000194   0x00000000   Code   RO         2955    .ARM.Collect$$rtentry$$00000009  c_w.l(__rtentry2.o)
    0x08000194   0x08000194   0x00000004   Code   RO         2956    .ARM.Collect$$rtentry$$0000000A  c_w.l(__rtentry2.o)
    0x08000198   0x08000198   0x00000000   Code   RO         2958    .ARM.Collect$$rtentry$$0000000C  c_w.l(__rtentry2.o)
    0x08000198   0x08000198   0x00000008   Code   RO         2959    .ARM.Collect$$rtentry$$0000000D  c_w.l(__rtentry2.o)
    0x080001a0   0x080001a0   0x00000002   Code   RO         3109    .ARM.Collect$$rtexit$$00000000  c_w.l(rtexit.o)
    0x080001a2   0x080001a2   0x00000000   Code   RO         3133    .ARM.Collect$$rtexit$$00000002  c_w.l(rtexit2.o)
    0x080001a2   0x080001a2   0x00000004   Code   RO         3134    .ARM.Collect$$rtexit$$00000003  c_w.l(rtexit2.o)
    0x080001a6   0x080001a6   0x00000006   Code   RO         3135    .ARM.Collect$$rtexit$$00000004  c_w.l(rtexit2.o)
    0x080001ac   0x080001ac   0x00000040   Code   RO            4    .text               startup_stm32f103xb.o
    0x080001ec   0x080001ec   0x00000034   Code   RO         2772    .text               c_w.l(noretval__2snprintf.o)
    0x08000220   0x08000220   0x0000010e   Code   RO         2784    .text               c_w.l(__printf_wp.o)
    0x0800032e   0x0800032e   0x00000002   PAD
    0x08000330   0x08000330   0x0000003c   Code   RO         2798    .text               c_w.l(__0sscanf.o)
    0x0800036c   0x0800036c   0x0000014c   Code   RO         2800    .text               c_w.l(_scanf_int.o)
    0x080004b8   0x080004b8   0x00000014   Code   RO         2802    .text               c_w.l(strchr.o)
    0x080004cc   0x080004cc   0x0000003e   Code   RO         2804    .text               c_w.l(strlen.o)
    0x0800050a   0x0800050a   0x0000004e   Code   RO         2806    .text               c_w.l(rt_memclr_w.o)
    0x08000558   0x08000558   0x00000056   Code   RO         2808    .text               c_w.l(strncpy.o)
    0x080005ae   0x080005ae   0x00000006   Code   RO         2810    .text               c_w.l(heapauxi.o)
    0x080005b4   0x080005b4   0x00000016   Code   RO         2887    .text               c_w.l(_rserrno.o)
    0x080005ca   0x080005ca   0x0000041e   Code   RO         2889    .text               c_w.l(_printf_fp_dec.o)
    0x080009e8   0x080009e8   0x00000030   Code   RO         2891    .text               c_w.l(_printf_char_common.o)
    0x08000a18   0x08000a18   0x0000000a   Code   RO         2893    .text               c_w.l(_sputc.o)
    0x08000a22   0x08000a22   0x00000010   Code   RO         2895    .text               c_w.l(_snputc.o)
    0x08000a32   0x08000a32   0x0000001c   Code   RO         2898    .text               c_w.l(_chval.o)
    0x08000a4e   0x08000a4e   0x00000002   PAD
    0x08000a50   0x08000a50   0x000004f8   Code   RO         2900    .text               c_w.l(scanf_fp.o)
    0x08000f48   0x08000f48   0x0000002c   Code   RO         2902    .text               c_w.l(scanf_char.o)
    0x08000f74   0x08000f74   0x00000040   Code   RO         2904    .text               c_w.l(_sgetc.o)
    0x08000fb4   0x08000fb4   0x00000044   Code   RO         2906    .text               c_w.l(rt_memclr.o)
    0x08000ff8   0x08000ff8   0x00000008   Code   RO         2970    .text               c_w.l(rt_locale_intlibspace.o)
    0x08001000   0x08001000   0x00000008   Code   RO         2975    .text               c_w.l(rt_errno_addr_intlibspace.o)
    0x08001008   0x08001008   0x0000008a   Code   RO         2977    .text               c_w.l(lludiv10.o)
    0x08001092   0x08001092   0x00000012   Code   RO         2979    .text               c_w.l(isspace.o)
    0x080010a4   0x080010a4   0x00000080   Code   RO         2981    .text               c_w.l(_printf_fp_infnan.o)
    0x08001124   0x08001124   0x00000374   Code   RO         2985    .text               c_w.l(_scanf.o)
    0x08001498   0x08001498   0x000000e4   Code   RO         2987    .text               c_w.l(bigflt0.o)
    0x0800157c   0x0800157c   0x00000008   Code   RO         3035    .text               c_w.l(libspace.o)
    0x08001584   0x08001584   0x0000004a   Code   RO         3038    .text               c_w.l(sys_stackheap_outer.o)
    0x080015ce   0x080015ce   0x00000002   PAD
    0x080015d0   0x080015d0   0x00000010   Code   RO         3040    .text               c_w.l(rt_ctype_table.o)
    0x080015e0   0x080015e0   0x00000320   Code   RO         3042    .text               c_w.l(scanf_hexfp.o)
    0x08001900   0x08001900   0x00000134   Code   RO         3044    .text               c_w.l(scanf_infnan.o)
    0x08001a34   0x08001a34   0x00000012   Code   RO         3046    .text               c_w.l(exit.o)
    0x08001a46   0x08001a46   0x00000002   PAD
    0x08001a48   0x08001a48   0x00000080   Code   RO         3048    .text               c_w.l(strcmpv7m.o)
    0x08001ac8   0x08001ac8   0x00000026   Code   RO         3111    .text               c_w.l(llshl.o)
    0x08001aee   0x08001aee   0x00000002   PAD
    0x08001af0   0x08001af0   0x0000000c   Code   RO         3146    .text               c_w.l(sys_exit.o)
    0x08001afc   0x08001afc   0x00000002   Code   RO         3157    .text               c_w.l(use_no_semi.o)
    0x08001afe   0x08001afe   0x00000000   Code   RO         3159    .text               c_w.l(indicate_semi.o)
    0x08001afe   0x08001afe   0x0000003e   Code   RO         2990    CL$$btod_d2e        c_w.l(btod.o)
    0x08001b3c   0x08001b3c   0x00000046   Code   RO         2992    CL$$btod_d2e_denorm_low  c_w.l(btod.o)
    0x08001b82   0x08001b82   0x00000060   Code   RO         2991    CL$$btod_d2e_norm_op1  c_w.l(btod.o)
    0x08001be2   0x08001be2   0x00000338   Code   RO         3000    CL$$btod_div_common  c_w.l(btod.o)
    0x08001f1a   0x08001f1a   0x00000002   PAD
    0x08001f1c   0x08001f1c   0x00000084   Code   RO         2998    CL$$btod_e2d        c_w.l(btod.o)
    0x08001fa0   0x08001fa0   0x000000dc   Code   RO         2997    CL$$btod_e2e        c_w.l(btod.o)
    0x0800207c   0x0800207c   0x0000002a   Code   RO         2994    CL$$btod_ediv       c_w.l(btod.o)
    0x080020a6   0x080020a6   0x0000002a   Code   RO         2996    CL$$btod_edivd      c_w.l(btod.o)
    0x080020d0   0x080020d0   0x0000002a   Code   RO         2993    CL$$btod_emul       c_w.l(btod.o)
    0x080020fa   0x080020fa   0x0000002a   Code   RO         2995    CL$$btod_emuld      c_w.l(btod.o)
    0x08002124   0x08002124   0x00000244   Code   RO         2999    CL$$btod_mult_common  c_w.l(btod.o)
    0x08002368   0x08002368   0x00000002   Code   RO          221    i.BusFault_Handler  stm32f1xx_it.o
    0x0800236a   0x0800236a   0x00000002   PAD
    0x0800236c   0x0800236c   0x00000050   Code   RO           13    i.DC_speed          main.o
    0x080023bc   0x080023bc   0x0000000c   Code   RO          222    i.DMA1_Channel5_IRQHandler  stm32f1xx_it.o
    0x080023c8   0x080023c8   0x0000002a   Code   RO         1771    i.DMA_SetConfig     stm32f1xx_hal_dma.o
    0x080023f2   0x080023f2   0x00000002   Code   RO          223    i.DebugMon_Handler  stm32f1xx_it.o
    0x080023f4   0x080023f4   0x00000004   Code   RO           14    i.Error_Handler     main.o
    0x080023f8   0x080023f8   0x00000046   Code   RO         1772    i.HAL_DMA_Abort     stm32f1xx_hal_dma.o
    0x0800243e   0x0800243e   0x00000002   PAD
    0x08002440   0x08002440   0x00000098   Code   RO         1773    i.HAL_DMA_Abort_IT  stm32f1xx_hal_dma.o
    0x080024d8   0x080024d8   0x00000154   Code   RO         1777    i.HAL_DMA_IRQHandler  stm32f1xx_hal_dma.o
    0x0800262c   0x0800262c   0x0000005c   Code   RO         1778    i.HAL_DMA_Init      stm32f1xx_hal_dma.o
    0x08002688   0x08002688   0x00000070   Code   RO         1782    i.HAL_DMA_Start_IT  stm32f1xx_hal_dma.o
    0x080026f8   0x080026f8   0x000001e0   Code   RO         1708    i.HAL_GPIO_Init     stm32f1xx_hal_gpio.o
    0x080028d8   0x080028d8   0x0000000a   Code   RO         1710    i.HAL_GPIO_ReadPin  stm32f1xx_hal_gpio.o
    0x080028e2   0x080028e2   0x00000010   Code   RO         1711    i.HAL_GPIO_TogglePin  stm32f1xx_hal_gpio.o
    0x080028f2   0x080028f2   0x0000000a   Code   RO         1712    i.HAL_GPIO_WritePin  stm32f1xx_hal_gpio.o
    0x080028fc   0x080028fc   0x0000000c   Code   RO         1402    i.HAL_GetTick       stm32f1xx_hal.o
    0x08002908   0x08002908   0x00000010   Code   RO         1408    i.HAL_IncTick       stm32f1xx_hal.o
    0x08002918   0x08002918   0x00000024   Code   RO         1409    i.HAL_Init          stm32f1xx_hal.o
    0x0800293c   0x0800293c   0x00000040   Code   RO         1410    i.HAL_InitTick      stm32f1xx_hal.o
    0x0800297c   0x0800297c   0x0000003c   Code   RO          315    i.HAL_MspInit       stm32f1xx_hal_msp.o
    0x080029b8   0x080029b8   0x0000001a   Code   RO         1868    i.HAL_NVIC_EnableIRQ  stm32f1xx_hal_cortex.o
    0x080029d2   0x080029d2   0x00000002   PAD
    0x080029d4   0x080029d4   0x00000040   Code   RO         1874    i.HAL_NVIC_SetPriority  stm32f1xx_hal_cortex.o
    0x08002a14   0x08002a14   0x00000024   Code   RO         1875    i.HAL_NVIC_SetPriorityGrouping  stm32f1xx_hal_cortex.o
    0x08002a38   0x08002a38   0x0000012c   Code   RO         1566    i.HAL_RCC_ClockConfig  stm32f1xx_hal_rcc.o
    0x08002b64   0x08002b64   0x00000020   Code   RO         1573    i.HAL_RCC_GetPCLK1Freq  stm32f1xx_hal_rcc.o
    0x08002b84   0x08002b84   0x00000020   Code   RO         1574    i.HAL_RCC_GetPCLK2Freq  stm32f1xx_hal_rcc.o
    0x08002ba4   0x08002ba4   0x0000004c   Code   RO         1575    i.HAL_RCC_GetSysClockFreq  stm32f1xx_hal_rcc.o
    0x08002bf0   0x08002bf0   0x00000320   Code   RO         1578    i.HAL_RCC_OscConfig  stm32f1xx_hal_rcc.o
    0x08002f10   0x08002f10   0x00000028   Code   RO         1879    i.HAL_SYSTICK_Config  stm32f1xx_hal_cortex.o
    0x08002f38   0x08002f38   0x00000002   Code   RO         1124    i.HAL_TIMEx_BreakCallback  stm32f1xx_hal_tim_ex.o
    0x08002f3a   0x08002f3a   0x00000002   Code   RO         1125    i.HAL_TIMEx_CommutCallback  stm32f1xx_hal_tim_ex.o
    0x08002f3c   0x08002f3c   0x00000054   Code   RO         1127    i.HAL_TIMEx_ConfigBreakDeadTime  stm32f1xx_hal_tim_ex.o
    0x08002f90   0x08002f90   0x00000068   Code   RO         1143    i.HAL_TIMEx_MasterConfigSynchronization  stm32f1xx_hal_tim_ex.o
    0x08002ff8   0x08002ff8   0x0000005a   Code   RO          420    i.HAL_TIM_Base_Init  stm32f1xx_hal_tim.o
    0x08003052   0x08003052   0x00000002   PAD
    0x08003054   0x08003054   0x00000050   Code   RO          317    i.HAL_TIM_Base_MspInit  stm32f1xx_hal_msp.o
    0x080030a4   0x080030a4   0x00000058   Code   RO          425    i.HAL_TIM_Base_Start_IT  stm32f1xx_hal_tim.o
    0x080030fc   0x080030fc   0x000000dc   Code   RO          429    i.HAL_TIM_ConfigClockSource  stm32f1xx_hal_tim.o
    0x080031d8   0x080031d8   0x000000a4   Code   RO          441    i.HAL_TIM_Encoder_Init  stm32f1xx_hal_tim.o
    0x0800327c   0x0800327c   0x00000058   Code   RO          319    i.HAL_TIM_Encoder_MspInit  stm32f1xx_hal_msp.o
    0x080032d4   0x080032d4   0x0000008e   Code   RO          444    i.HAL_TIM_Encoder_Start  stm32f1xx_hal_tim.o
    0x08003362   0x08003362   0x00000002   Code   RO          454    i.HAL_TIM_IC_CaptureCallback  stm32f1xx_hal_tim.o
    0x08003364   0x08003364   0x00000166   Code   RO          468    i.HAL_TIM_IRQHandler  stm32f1xx_hal_tim.o
    0x080034ca   0x080034ca   0x00000002   PAD
    0x080034cc   0x080034cc   0x00000088   Code   RO          320    i.HAL_TIM_MspPostInit  stm32f1xx_hal_msp.o
    0x08003554   0x08003554   0x00000002   Code   RO          471    i.HAL_TIM_OC_DelayElapsedCallback  stm32f1xx_hal_tim.o
    0x08003556   0x08003556   0x000000cc   Code   RO          492    i.HAL_TIM_PWM_ConfigChannel  stm32f1xx_hal_tim.o
    0x08003622   0x08003622   0x0000005a   Code   RO          495    i.HAL_TIM_PWM_Init  stm32f1xx_hal_tim.o
    0x0800367c   0x0800367c   0x00000002   Code   RO          497    i.HAL_TIM_PWM_MspInit  stm32f1xx_hal_tim.o
    0x0800367e   0x0800367e   0x00000002   Code   RO          498    i.HAL_TIM_PWM_PulseFinishedCallback  stm32f1xx_hal_tim.o
    0x08003680   0x08003680   0x0000009c   Code   RO          500    i.HAL_TIM_PWM_Start  stm32f1xx_hal_tim.o
    0x0800371c   0x0800371c   0x00000028   Code   RO           15    i.HAL_TIM_PeriodElapsedCallback  main.o
    0x08003744   0x08003744   0x00000002   Code   RO          511    i.HAL_TIM_TriggerCallback  stm32f1xx_hal_tim.o
    0x08003746   0x08003746   0x00000002   Code   RO         2380    i.HAL_UARTEx_RxEventCallback  stm32f1xx_hal_uart.o
    0x08003748   0x08003748   0x00000002   Code   RO         2394    i.HAL_UART_ErrorCallback  stm32f1xx_hal_uart.o
    0x0800374a   0x0800374a   0x00000002   PAD
    0x0800374c   0x0800374c   0x0000026c   Code   RO         2397    i.HAL_UART_IRQHandler  stm32f1xx_hal_uart.o
    0x080039b8   0x080039b8   0x00000064   Code   RO         2398    i.HAL_UART_Init     stm32f1xx_hal_uart.o
    0x08003a1c   0x08003a1c   0x000000b0   Code   RO          322    i.HAL_UART_MspInit  stm32f1xx_hal_msp.o
    0x08003acc   0x08003acc   0x0000001c   Code   RO         2402    i.HAL_UART_Receive_DMA  stm32f1xx_hal_uart.o
    0x08003ae8   0x08003ae8   0x00000044   Code   RO           16    i.HAL_UART_RxCpltCallback  main.o
    0x08003b2c   0x08003b2c   0x00000002   Code   RO         2405    i.HAL_UART_RxHalfCpltCallback  stm32f1xx_hal_uart.o
    0x08003b2e   0x08003b2e   0x0000009a   Code   RO         2406    i.HAL_UART_Transmit  stm32f1xx_hal_uart.o
    0x08003bc8   0x08003bc8   0x00000002   Code   RO         2409    i.HAL_UART_TxCpltCallback  stm32f1xx_hal_uart.o
    0x08003bca   0x08003bca   0x00000002   Code   RO          224    i.HardFault_Handler  stm32f1xx_it.o
    0x08003bcc   0x08003bcc   0x00000038   Code   RO           17    i.LiftTruck         main.o
    0x08003c04   0x08003c04   0x000000b8   Code   RO           18    i.MX_GPIO_Init      main.o
    0x08003cbc   0x08003cbc   0x000000cc   Code   RO           19    i.MX_TIM1_Init      main.o
    0x08003d88   0x08003d88   0x00000098   Code   RO           20    i.MX_TIM2_Init      main.o
    0x08003e20   0x08003e20   0x0000006c   Code   RO           21    i.MX_TIM4_Init      main.o
    0x08003e8c   0x08003e8c   0x00000002   Code   RO          225    i.MemManage_Handler  stm32f1xx_it.o
    0x08003e8e   0x08003e8e   0x00000002   Code   RO          226    i.NMI_Handler       stm32f1xx_it.o
    0x08003e90   0x08003e90   0x00000002   Code   RO          227    i.PendSV_Handler    stm32f1xx_it.o
    0x08003e92   0x08003e92   0x00000002   Code   RO          228    i.SVC_Handler       stm32f1xx_it.o
    0x08003e94   0x08003e94   0x00000078   Code   RO           22    i.Set_Motor_Speed   main.o
    0x08003f0c   0x08003f0c   0x000000fc   Code   RO           23    i.Set_Servo_Position  main.o
    0x08004008   0x08004008   0x00000004   Code   RO          229    i.SysTick_Handler   stm32f1xx_it.o
    0x0800400c   0x0800400c   0x0000005e   Code   RO           24    i.SystemClock_Config  main.o
    0x0800406a   0x0800406a   0x00000002   Code   RO         2732    i.SystemInit        system_stm32f1xx.o
    0x0800406c   0x0800406c   0x0000000c   Code   RO          230    i.TIM2_IRQHandler   stm32f1xx_it.o
    0x08004078   0x08004078   0x0000006c   Code   RO          513    i.TIM_Base_SetConfig  stm32f1xx_hal_tim.o
    0x080040e4   0x080040e4   0x0000001a   Code   RO          514    i.TIM_CCxChannelCmd  stm32f1xx_hal_tim.o
    0x080040fe   0x080040fe   0x00000014   Code   RO          524    i.TIM_ETR_SetConfig  stm32f1xx_hal_tim.o
    0x08004112   0x08004112   0x00000010   Code   RO          525    i.TIM_ITRx_SetConfig  stm32f1xx_hal_tim.o
    0x08004122   0x08004122   0x00000002   PAD
    0x08004124   0x08004124   0x00000050   Code   RO          526    i.TIM_OC1_SetConfig  stm32f1xx_hal_tim.o
    0x08004174   0x08004174   0x00000058   Code   RO          527    i.TIM_OC2_SetConfig  stm32f1xx_hal_tim.o
    0x080041cc   0x080041cc   0x00000058   Code   RO          528    i.TIM_OC3_SetConfig  stm32f1xx_hal_tim.o
    0x08004224   0x08004224   0x00000044   Code   RO          529    i.TIM_OC4_SetConfig  stm32f1xx_hal_tim.o
    0x08004268   0x08004268   0x00000022   Code   RO          531    i.TIM_TI1_ConfigInputStage  stm32f1xx_hal_tim.o
    0x0800428a   0x0800428a   0x00000024   Code   RO          533    i.TIM_TI2_ConfigInputStage  stm32f1xx_hal_tim.o
    0x080042ae   0x080042ae   0x00000010   Code   RO         2411    i.UART_DMAAbortOnError  stm32f1xx_hal_uart.o
    0x080042be   0x080042be   0x0000004a   Code   RO         2412    i.UART_DMAError     stm32f1xx_hal_uart.o
    0x08004308   0x08004308   0x00000086   Code   RO         2413    i.UART_DMAReceiveCplt  stm32f1xx_hal_uart.o
    0x0800438e   0x0800438e   0x0000001e   Code   RO         2415    i.UART_DMARxHalfCplt  stm32f1xx_hal_uart.o
    0x080043ac   0x080043ac   0x0000004e   Code   RO         2421    i.UART_EndRxTransfer  stm32f1xx_hal_uart.o
    0x080043fa   0x080043fa   0x0000001c   Code   RO         2422    i.UART_EndTxTransfer  stm32f1xx_hal_uart.o
    0x08004416   0x08004416   0x000000c2   Code   RO         2423    i.UART_Receive_IT   stm32f1xx_hal_uart.o
    0x080044d8   0x080044d8   0x000000b8   Code   RO         2424    i.UART_SetConfig    stm32f1xx_hal_uart.o
    0x08004590   0x08004590   0x00000090   Code   RO         2425    i.UART_Start_Receive_DMA  stm32f1xx_hal_uart.o
    0x08004620   0x08004620   0x00000078   Code   RO         2427    i.UART_WaitOnFlagUntilTimeout  stm32f1xx_hal_uart.o
    0x08004698   0x08004698   0x0000000c   Code   RO          231    i.USART1_IRQHandler  stm32f1xx_it.o
    0x080046a4   0x080046a4   0x00000002   Code   RO          232    i.UsageFault_Handler  stm32f1xx_it.o
    0x080046a6   0x080046a6   0x00000028   Code   RO         2937    i.__ARM_fpclassify  m_ws.l(fpclassify.o)
    0x080046ce   0x080046ce   0x00000020   Code   RO         1881    i.__NVIC_SetPriority  stm32f1xx_hal_cortex.o
    0x080046ee   0x080046ee   0x00000002   PAD
    0x080046f0   0x080046f0   0x00000388   Code   RO         2941    i.__ieee754_rem_pio2  m_ws.l(rred.o)
    0x08004a78   0x08004a78   0x000000aa   Code   RO         2939    i.__kernel_poly     m_ws.l(poly.o)
    0x08004b22   0x08004b22   0x00000002   PAD
    0x08004b24   0x08004b24   0x0000027c   Code   RO         2946    i.__kernel_tan      m_ws.l(tan_i.o)
    0x08004da0   0x08004da0   0x00000006   Code   RO         2924    i.__mathlib_dbl_infnan  m_ws.l(dunder.o)
    0x08004da6   0x08004da6   0x0000000c   Code   RO         2926    i.__mathlib_dbl_invalid  m_ws.l(dunder.o)
    0x08004db2   0x08004db2   0x0000000e   Code   RO         2927    i.__mathlib_dbl_overflow  m_ws.l(dunder.o)
    0x08004dc0   0x08004dc0   0x00000010   Code   RO         2929    i.__mathlib_dbl_underflow  m_ws.l(dunder.o)
    0x08004dd0   0x08004dd0   0x00000010   Code   RO         3029    i.__mathlib_narrow  m_ws.l(narrow.o)
    0x08004de0   0x08004de0   0x000000bc   Code   RO         3030    i.__mathlib_tofloat  m_ws.l(narrow.o)
    0x08004e9c   0x08004e9c   0x00000016   Code   RO         3121    i.__support_ldexp   m_ws.l(ldexp.o)
    0x08004eb2   0x08004eb2   0x0000000e   Code   RO         2786    i._is_digit         c_w.l(__printf_wp.o)
    0x08004ec0   0x08004ec0   0x00000220   Code   RO         2869    i.atan              m_ws.l(atan.o)
    0x080050e0   0x080050e0   0x00000058   Code   RO         3106    i.frexp             m_ws.l(frexp.o)
    0x08005138   0x08005138   0x00000074   Code   RO         3122    i.ldexp             m_ws.l(ldexp.o)
    0x080051ac   0x080051ac   0x00000298   Code   RO           25    i.main              main.o
    0x08005444   0x08005444   0x0000005c   Code   RO           26    i.sendspeed         main.o
    0x080054a0   0x080054a0   0x00000064   Code   RO         2879    i.tan               m_ws.l(tan.o)
    0x08005504   0x08005504   0x0000002c   Code   RO         3013    locale$$code        c_w.l(lc_numeric_c.o)
    0x08005530   0x08005530   0x0000002c   Code   RO         3114    locale$$code        c_w.l(lc_ctype_c.o)
    0x0800555c   0x0800555c   0x00000062   Code   RO         2814    x$fpl$d2f           fz_ws.l(d2f.o)
    0x080055be   0x080055be   0x00000002   PAD
    0x080055c0   0x080055c0   0x00000150   Code   RO         2816    x$fpl$dadd          fz_ws.l(daddsub_clz.o)
    0x08005710   0x08005710   0x00000010   Code   RO         2908    x$fpl$dcheck1       fz_ws.l(dcheck1.o)
    0x08005720   0x08005720   0x00000018   Code   RO         2910    x$fpl$dcmpinf       fz_ws.l(dcmpi.o)
    0x08005738   0x08005738   0x000002b0   Code   RO         2823    x$fpl$ddiv          fz_ws.l(ddiv.o)
    0x080059e8   0x080059e8   0x00000078   Code   RO         3101    x$fpl$deqf          fz_ws.l(deqf.o)
    0x08005a60   0x08005a60   0x0000005e   Code   RO         2826    x$fpl$dfix          fz_ws.l(dfix.o)
    0x08005abe   0x08005abe   0x0000002e   Code   RO         2831    x$fpl$dflt          fz_ws.l(dflt_clz.o)
    0x08005aec   0x08005aec   0x00000026   Code   RO         2830    x$fpl$dfltu         fz_ws.l(dflt_clz.o)
    0x08005b12   0x08005b12   0x00000002   PAD
    0x08005b14   0x08005b14   0x00000078   Code   RO         2836    x$fpl$dleqf         fz_ws.l(dleqf.o)
    0x08005b8c   0x08005b8c   0x00000154   Code   RO         2838    x$fpl$dmul          fz_ws.l(dmul.o)
    0x08005ce0   0x08005ce0   0x0000009c   Code   RO         2912    x$fpl$dnaninf       fz_ws.l(dnaninf.o)
    0x08005d7c   0x08005d7c   0x0000000c   Code   RO         2914    x$fpl$dretinf       fz_ws.l(dretinf.o)
    0x08005d88   0x08005d88   0x0000006c   Code   RO         2840    x$fpl$drleqf        fz_ws.l(drleqf.o)
    0x08005df4   0x08005df4   0x00000016   Code   RO         2817    x$fpl$drsb          fz_ws.l(daddsub_clz.o)
    0x08005e0a   0x08005e0a   0x00000002   PAD
    0x08005e0c   0x08005e0c   0x000001d4   Code   RO         2818    x$fpl$dsub          fz_ws.l(daddsub_clz.o)
    0x08005fe0   0x08005fe0   0x00000056   Code   RO         2842    x$fpl$f2d           fz_ws.l(f2d.o)
    0x08006036   0x08006036   0x00000002   PAD
    0x08006038   0x08006038   0x000000c4   Code   RO         2844    x$fpl$fadd          fz_ws.l(faddsub_clz.o)
    0x080060fc   0x080060fc   0x0000000c   Code   RO         2916    x$fpl$fcheck1       fz_ws.l(fcheck1.o)
    0x08006108   0x08006108   0x00000184   Code   RO         2851    x$fpl$fdiv          fz_ws.l(fdiv.o)
    0x0800628c   0x0800628c   0x0000003e   Code   RO         2854    x$fpl$ffixu         fz_ws.l(ffixu.o)
    0x080062ca   0x080062ca   0x00000002   PAD
    0x080062cc   0x080062cc   0x00000102   Code   RO         2858    x$fpl$fmul          fz_ws.l(fmul.o)
    0x080063ce   0x080063ce   0x0000008c   Code   RO         2918    x$fpl$fnaninf       fz_ws.l(fnaninf.o)
    0x0800645a   0x0800645a   0x0000000a   Code   RO         2920    x$fpl$fretinf       fz_ws.l(fretinf.o)
    0x08006464   0x08006464   0x000000ea   Code   RO         2846    x$fpl$fsub          fz_ws.l(faddsub_clz.o)
    0x0800654e   0x0800654e   0x00000006   Code   RO         3019    x$fpl$ieeestatus    fz_ws.l(istatus.o)
    0x08006554   0x08006554   0x00000004   Code   RO         2860    x$fpl$printf1       fz_ws.l(printf1.o)
    0x08006558   0x08006558   0x00000064   Code   RO         3021    x$fpl$retnan        fz_ws.l(retnan.o)
    0x080065bc   0x080065bc   0x0000005c   Code   RO         2862    x$fpl$scalbn        fz_ws.l(scalbn.o)
    0x08006618   0x08006618   0x0000004c   Code   RO         2864    x$fpl$scalbnf       fz_ws.l(scalbnf.o)
    0x08006664   0x08006664   0x00000004   Code   RO         2866    x$fpl$scanf1        fz_ws.l(scanf1.o)
    0x08006668   0x08006668   0x00000008   Code   RO         3023    x$fpl$scanf2        fz_ws.l(scanf2.o)
    0x08006670   0x08006670   0x00000030   Code   RO         3103    x$fpl$trapveneer    fz_ws.l(trapv.o)
    0x080066a0   0x080066a0   0x00000000   Code   RO         2922    x$fpl$usenofp       fz_ws.l(usenofp.o)
    0x080066a0   0x080066a0   0x00000012   Data   RO         1579    .constdata          stm32f1xx_hal_rcc.o
    0x080066b2   0x080066b2   0x00000010   Data   RO         2733    .constdata          system_stm32f1xx.o
    0x080066c2   0x080066c2   0x00000008   Data   RO         2734    .constdata          system_stm32f1xx.o
    0x080066ca   0x080066ca   0x00000006   PAD
    0x080066d0   0x080066d0   0x00000098   Data   RO         2870    .constdata          m_ws.l(atan.o)
    0x08006768   0x08006768   0x000000c8   Data   RO         2943    .constdata          m_ws.l(rred.o)
    0x08006830   0x08006830   0x00000060   Data   RO         2947    .constdata          m_ws.l(tan_i.o)
    0x08006890   0x08006890   0x00000094   Data   RO         2988    .constdata          c_w.l(bigflt0.o)
    0x08006924   0x08006924   0x00000020   Data   RO         3206    Region$$Table       anon$$obj.o
    0x08006944   0x08006944   0x00000008   Data   RO         3015    c$$dinf             fz_ws.l(fpconst.o)
    0x0800694c   0x0800694c   0x00000008   Data   RO         3018    c$$dmax             fz_ws.l(fpconst.o)
    0x08006954   0x08006954   0x0000001c   Data   RO         3012    locale$$data        c_w.l(lc_numeric_c.o)
    0x08006970   0x08006970   0x00000110   Data   RO         3113    locale$$data        c_w.l(lc_ctype_c.o)


    Execution Region RW_IRAM1 (Exec base: 0x20000000, Load base: 0x08006a80, Size: 0x00000898, Max: 0x00005000, ABSOLUTE)

    Exec Addr    Load Addr    Size         Type   Attr      Idx    E Section Name        Object

    0x20000000   0x08006a80   0x00000048   Data   RW           29    .data               main.o
    0x20000048   0x08006ac8   0x0000000c   Data   RW         1416    .data               stm32f1xx_hal.o
    0x20000054   0x08006ad4   0x00000004   Data   RW         2735    .data               system_stm32f1xx.o
    0x20000058        -       0x00000198   Zero   RW           27    .bss                main.o
    0x200001f0        -       0x00000044   Zero   RW           28    .bss                main.o
    0x20000234        -       0x00000060   Zero   RW         3036    .bss                c_w.l(libspace.o)
    0x20000294   0x08006ad8   0x00000004   PAD
    0x20000298        -       0x00000200   Zero   RW            2    HEAP                startup_stm32f103xb.o
    0x20000498        -       0x00000400   Zero   RW            1    STACK               startup_stm32f103xb.o


==============================================================================

Image component sizes


      Code (inc. data)   RO Data    RW Data    ZI Data      Debug   Object Name

      2118        240          0         72        476     436742   main.o
        64         26        236          0       1536        812   startup_stm32f103xb.o
       128         24          0         12          0       5297   stm32f1xx_hal.o
       198         14          0          0          0      28935   stm32f1xx_hal_cortex.o
       808         36          0          0          0       4986   stm32f1xx_hal_dma.o
       516         34          0          0          0       4132   stm32f1xx_hal_gpio.o
       540         64          0          0          0       3801   stm32f1xx_hal_msp.o
      1240         84         18          0          0       5112   stm32f1xx_hal_rcc.o
      2086         58          0          0          0      17929   stm32f1xx_hal_tim.o
       192         12          0          0          0       3189   stm32f1xx_hal_tim_ex.o
      1912         24          0          0          0      14016   stm32f1xx_hal_uart.o
        56         18          0          0          0       5179   stm32f1xx_it.o
         2          0         24          4          0       1119   system_stm32f1xx.o

    ----------------------------------------------------------------------
      9876        634        316         88       2012     531249   Object Totals
         0          0         32          0          0          0   (incl. Generated)
        16          0          6          0          0          0   (incl. Padding)

    ----------------------------------------------------------------------

      Code (inc. data)   RO Data    RW Data    ZI Data      Debug   Library Member Name

        60          8          0          0          0         84   __0sscanf.o
         8          0          0          0          0         68   __main.o
       284          0          0          0          0        156   __printf_wp.o
         0          0          0          0          0          0   __rtentry.o
        12          0          0          0          0          0   __rtentry2.o
         6          0          0          0          0          0   __rtentry4.o
        52          8          0          0          0          0   __scatter.o
        26          0          0          0          0          0   __scatter_copy.o
        28          0          0          0          0          0   __scatter_zi.o
        28          0          0          0          0         68   _chval.o
        48          6          0          0          0         96   _printf_char_common.o
         6          0          0          0          0          0   _printf_f.o
      1054          0          0          0          0        216   _printf_fp_dec.o
       128         16          0          0          0         84   _printf_fp_infnan.o
         0          0          0          0          0          0   _printf_percent.o
         4          0          0          0          0          0   _printf_percent_end.o
        22          0          0          0          0        100   _rserrno.o
       884          6          0          0          0        100   _scanf.o
       332          0          0          0          0         96   _scanf_int.o
        64          0          0          0          0         84   _sgetc.o
        16          0          0          0          0         68   _snputc.o
        10          0          0          0          0         68   _sputc.o
       228          4        148          0          0         96   bigflt0.o
      2152        136          0          0          0        960   btod.o
        18          0          0          0          0         80   exit.o
         6          0          0          0          0        152   heapauxi.o
         0          0          0          0          0          0   indicate_semi.o
        18          0          0          0          0         76   isspace.o
        44         10        272          0          0         76   lc_ctype_c.o
        44         10         28          0          0         76   lc_numeric_c.o
         2          0          0          0          0          0   libinit.o
        30          0          0          0          0          0   libinit2.o
         2          0          0          0          0          0   libshutdown.o
         2          0          0          0          0          0   libshutdown2.o
         8          4          0          0         96         68   libspace.o
        38          0          0          0          0         68   llshl.o
       138          0          0          0          0         80   lludiv10.o
        52          4          0          0          0         84   noretval__2snprintf.o
        16          4          0          0          0         76   rt_ctype_table.o
         8          4          0          0          0         68   rt_errno_addr_intlibspace.o
         8          4          0          0          0         68   rt_locale_intlibspace.o
        68          0          0          0          0         68   rt_memclr.o
        78          0          0          0          0         80   rt_memclr_w.o
         2          0          0          0          0          0   rtexit.o
        10          0          0          0          0          0   rtexit2.o
        44          8          0          0          0         84   scanf_char.o
      1272         16          0          0          0        168   scanf_fp.o
       800         14          0          0          0        100   scanf_hexfp.o
       308         16          0          0          0        100   scanf_infnan.o
        20          0          0          0          0         68   strchr.o
       128          0          0          0          0         68   strcmpv7m.o
        62          0          0          0          0         76   strlen.o
        86          0          0          0          0         76   strncpy.o
        12          4          0          0          0         68   sys_exit.o
        74          0          0          0          0         80   sys_stackheap_outer.o
         2          0          0          0          0         68   use_no_semi.o
        98          4          0          0          0         92   d2f.o
       826         16          0          0          0        348   daddsub_clz.o
        16          4          0          0          0         68   dcheck1.o
        24          0          0          0          0         68   dcmpi.o
       688        140          0          0          0        208   ddiv.o
       120          4          0          0          0         92   deqf.o
        94          4          0          0          0         92   dfix.o
        84          0          0          0          0        136   dflt_clz.o
       120          4          0          0          0         92   dleqf.o
       340         12          0          0          0        104   dmul.o
       156          4          0          0          0         92   dnaninf.o
        12          0          0          0          0         68   dretinf.o
       108          0          0          0          0         80   drleqf.o
        86          4          0          0          0         84   f2d.o
       430          8          0          0          0        168   faddsub_clz.o
        12          4          0          0          0         68   fcheck1.o
       388         76          0          0          0         96   fdiv.o
        62          4          0          0          0         84   ffixu.o
       258          4          0          0          0         84   fmul.o
       140          4          0          0          0         84   fnaninf.o
         0          0         16          0          0          0   fpconst.o
        10          0          0          0          0         68   fretinf.o
         6          0          0          0          0         68   istatus.o
         4          0          0          0          0         68   printf1.o
       100          0          0          0          0         68   retnan.o
        92          0          0          0          0         68   scalbn.o
        76          0          0          0          0         68   scalbnf.o
         4          0          0          0          0         68   scanf1.o
         8          0          0          0          0         84   scanf2.o
        48          0          0          0          0         68   trapv.o
         0          0          0          0          0          0   usenofp.o
       544         70        152          0          0        124   atan.o
        48          6          0          0          0        272   dunder.o
        40          0          0          0          0         68   fpclassify.o
        88          8          0          0          0         76   frexp.o
       138          0          0          0          0        160   ldexp.o
       204          4          0          0          0        168   narrow.o
       170          0          0          0          0         96   poly.o
       904         76        200          0          0        140   rred.o
       100         10          0          0          0         96   tan.o
       636         50         96          0          0        168   tan_i.o

    ----------------------------------------------------------------------
     16160        804        912          0        100       8624   Library Totals
        26          2          0          0          4          0   (incl. Padding)

    ----------------------------------------------------------------------

      Code (inc. data)   RO Data    RW Data    ZI Data      Debug   Library Name

      8852        282        448          0         96       4420   c_w.l
      4410        296         16          0          0       2836   fz_ws.l
      2872        224        448          0          0       1368   m_ws.l

    ----------------------------------------------------------------------
     16160        804        912          0        100       8624   Library Totals

    ----------------------------------------------------------------------

==============================================================================


      Code (inc. data)   RO Data    RW Data    ZI Data      Debug   

     26036       1438       1228         88       2112     529833   Grand Totals
     26036       1438       1228         88       2112     529833   ELF Image Totals
     26036       1438       1228         88          0          0   ROM Totals

==============================================================================

    Total RO  Size (Code + RO Data)                27264 (  26.63kB)
    Total RW  Size (RW Data + ZI Data)              2200 (   2.15kB)
    Total ROM Size (Code + RO Data + RW Data)      27352 (  26.71kB)

==============================================================================

